Microchip Technology Inc, vv3.31.00 (z)

Tool Name:
  c:\program files\microchip\xc-dsc\v3.31\bin\bin\..\bin/elf-ld.exe

Command:
  -p33AK512MPS512 \
  --mdfp=C:/Users/i69379/.mchp_packs/Microchip/dsPIC33AK-MP_DFP/1.3.185/xc16 \
  -o \
  dist/dsPIC33AK512/production/perseus_512.X.production.elf \
  -Lc:/program files/microchip/xc-dsc/v3.31/bin/bin/.. \
  -LC:/Users/i69379/.mchp_packs/Microchip/dsPIC33AK-MP_DFP/1.3.185/xc16/bin/../support/dsPIC33A/gld \
  -Lc:/program files/microchip/xc-dsc/v3.31/bin/bin/../../lib \
  build/dsPIC33AK512/production/_ext/659850406/adc5.o \
  build/dsPIC33AK512/production/_ext/659850406/adc1.o \
  build/dsPIC33AK512/production/_ext/659850406/adc3.o \
  build/dsPIC33AK512/production/_ext/659850406/adc4.o \
  build/dsPIC33AK512/production/_ext/1538408868/float_conversion.o \
  build/dsPIC33AK512/production/_ext/1538408868/gain_ctrl.o \
  build/dsPIC33AK512/production/_ext/1538408868/tone_ctrl.o \
  build/dsPIC33AK512/production/_ext/1538408868/transient.o \
  build/dsPIC33AK512/production/_ext/1538408868/reverb.o \
  build/dsPIC33AK512/production/_ext/1538408868/lpf_process.o \
  build/dsPIC33AK512/production/_ext/1538408868/reverb_smooth.o \
  build/dsPIC33AK512/production/_ext/1538408868/hpf_process.o \
  build/dsPIC33AK512/production/_ext/1538408868/LED_level_meter.o \
  build/dsPIC33AK512/production/_ext/1538408868/simple_loudmeter.o \
  build/dsPIC33AK512/production/_ext/1538408868/snd_effect_play.o \
  build/dsPIC33AK512/production/_ext/1538408868/engine_synth.o \
  build/dsPIC33AK512/production/_ext/1538408868/widen_ctrl.o \
  build/dsPIC33AK512/production/_ext/1538408868/bass_enhancer.o \
  build/dsPIC33AK512/production/_ext/1538408868/click_crack_synth.o \
  build/dsPIC33AK512/production/_ext/1034234695/button_led.o \
  build/dsPIC33AK512/production/_ext/1034234695/pot.o \
  build/dsPIC33AK512/production/_ext/1536116519/app_debug.o \
  build/dsPIC33AK512/production/_ext/1536116519/dbconsole.o \
  build/dsPIC33AK512/production/_ext/1521024571/touch.o \
  build/dsPIC33AK512/production/_ext/1018880376/uart1.o \
  build/dsPIC33AK512/production/_ext/1360937237/SPI_TDM_drv.o \
  build/dsPIC33AK512/production/_ext/1360937237/i2c.o \
  build/dsPIC33AK512/production/_ext/1360937237/main.o \
  build/dsPIC33AK512/production/_ext/1360937237/osc_drv.o \
  build/dsPIC33AK512/production/_ext/1360937237/wm8731.o \
  build/dsPIC33AK512/production/_ext/1360937237/tick_time.o \
  build/dsPIC33AK512/production/_ext/1360937237/pwm.o \
  build/dsPIC33AK512/production/_ext/1360937237/wm8904.o \
  build/dsPIC33AK512/production/_ext/1360937237/SPI3_drv.o \
  build/dsPIC33AK512/production/_ext/1360937237/SST26_drv.o \
  build/dsPIC33AK512/production/_ext/335358292/eq_api_33AK.o \
  build/dsPIC33AK512/production/_ext/335358292/eq_perseus_wrapper.o \
  build/dsPIC33AK512/production/_ext/1536116519/eq_benchmark.o \
  build/dsPIC33AK512/production/_ext/1538408868/aec_33ak.o \
  build/dsPIC33AK512/production/_ext/1538408868/aec_nlms_float.o \
  build/dsPIC33AK512/production/_ext/1538408868/aec_src.o \
  build/dsPIC33AK512/production/_ext/1538408868/aec_vad_float.o \
  ..\src\touch\lib\qtm_acq_dspic33ak_mp_0x0051.X.a \
  ..\src\touch\lib\qtm_freq_hop_auto_dspic33akmp_0x0004.X.a \
  ..\src\touch\lib\qtm_freq_hop_dspic33akmp_0x0006.X.a \
  ..\src\touch\lib\qtm_scroller_dspic33akmp_0x000b.X.a \
  ..\src\touch\lib\qtm_touch_key_dspic33akmp_0x0002.X.a \
  --defsym=__MPLAB_BUILD=1 \
  -Tp33AK512MPS512.00007378.00 \
  --stack=16 \
  --check-sections \
  --data-init \
  --pack-data \
  --handles \
  --gc-sections \
  --fill-upper=0 \
  --stackguard=16 \
  --ivt \
  --isr \
  --no-force-link \
  --smart-io \
  -Map=dist/dsPIC33AK512/production/perseus_512.X.production.map \
  --report-mem \
  --cref \
  --warn-section-align \
  --memorysummary \
  dist/dsPIC33AK512/production/memoryfile.xml \
  --start-group \
  --library=c99-pic30-elf \
  --library=m-elf \
  --library=c99-elf \
  --end-group \

Archive member included to satisfy reference by file (symbol)

..\src\touch\lib\qtm_acq_dspic33ak_mp_0x0051.X.a(pic_acq_x_dspic33ak_mp.o)
                              build/dsPIC33AK512/production/_ext/1521024571/touch.o (_qtm_acquisition_process)
..\src\touch\lib\qtm_freq_hop_auto_dspic33akmp_0x0004.X.a(pic_freq_hop_auto_x_dspic33akmp.o)
                              build/dsPIC33AK512/production/_ext/1521024571/touch.o (_qtm_freq_hop_autotune)
..\src\touch\lib\qtm_touch_key_dspic33akmp_0x0002.X.a(pic_touch_key_x_dspic33akmp.o)
                              build/dsPIC33AK512/production/_ext/1521024571/touch.o (_qtm_update_qtlib_timer)

Optional library libp33AK512MPS512.a not found
c:/program files/microchip/xc-dsc/v3.31/bin/bin/../../lib\libc99-pic30-elf.a(crt_start_mode_normal.AAMeo)
                              (__crt_start_mode_normal)
c:/program files/microchip/xc-dsc/v3.31/bin/bin/../../lib\libc99-pic30-elf.a(delay32.AAMeo)
[...]
Memory Configuration

Name             Origin             Length             Attributes
data             0x004000           0x010000           a !xr
FBOOT            0x7f40d0           0x000002  
FCP              0x7f3000           0x000002  
FICD             0x7f3010           0x000002  
FDEVOPT          0x7f3020           0x000002  
FWDT             0x7f3030           0x000002  
FPR0CTRL         0x7f4000           0x000002  
FPR0ST           0x7f4004           0x000002  
FPR0END          0x7f4008           0x000002  
FPR1CTRL         0x7f4010           0x000002  
FPR1ST           0x7f4014           0x000002  
FPR1END          0x7f4018           0x000002  
FPR2CTRL         0x7f4020           0x000002  
FPR2ST           0x7f4024           0x000002  
FPR2END          0x7f4028           0x000002  
FPR3CTRL         0x7f4030           0x000002  
FPR3ST           0x7f4034           0x000002  
FPR3END          0x7f4038           0x000002  
FPR4CTRL         0x7f4040           0x000002  
FPR4ST           0x7f4044           0x000002  
FPR4END          0x7f4048           0x000002  
FPR5CTRL         0x7f4050           0x000002  
FPR5ST           0x7f4054           0x000002  
FPR5END          0x7f4058           0x000002  
FPR6CTRL         0x7f4060           0x000002  
FPR6ST           0x7f4064           0x000002  
FPR6END          0x7f4068           0x000002  
FPR7CTRL         0x7f4070           0x000002  
FPR7ST           0x7f4074           0x000002  
FPR7END          0x7f4078           0x000002  
FIRT             0x7f4080           0x000002  
FSECDBG          0x7f4090           0x000002  
FPED             0x7f40a0           0x000002  
FEPUCB           0x7f40b0           0x000002  
FWPUCB           0x7f40c0           0x000002  
reset            0x800000           0x000004  
program          0x800004           0x07fffc           xr
*default*        0x000000           0xffffffff  

Linker script and memory map

LOAD build/dsPIC33AK512/production/_ext/659850406/adc5.o
LOAD build/dsPIC33AK512/production/_ext/659850406/adc1.o
LOAD build/dsPIC33AK512/production/_ext/659850406/adc3.o
LOAD build/dsPIC33AK512/production/_ext/659850406/adc4.o
LOAD build/dsPIC33AK512/production/_ext/1538408868/float_conversion.o
LOAD build/dsPIC33AK512/production/_ext/1538408868/gain_ctrl.o
LOAD build/dsPIC33AK512/production/_ext/1538408868/tone_ctrl.o
LOAD build/dsPIC33AK512/production/_ext/1538408868/transient.o
LOAD build/dsPIC33AK512/production/_ext/1538408868/reverb.o
LOAD build/dsPIC33AK512/production/_ext/1538408868/lpf_process.o
LOAD build/dsPIC33AK512/production/_ext/1538408868/reverb_smooth.o
LOAD build/dsPIC33AK512/production/_ext/1538408868/hpf_process.o
LOAD build/dsPIC33AK512/production/_ext/1538408868/LED_level_meter.o
LOAD build/dsPIC33AK512/production/_ext/1538408868/simple_loudmeter.o
LOAD build/dsPIC33AK512/production/_ext/1538408868/snd_effect_play.o
LOAD build/dsPIC33AK512/production/_ext/1538408868/engine_synth.o
LOAD build/dsPIC33AK512/production/_ext/1538408868/widen_ctrl.o
LOAD build/dsPIC33AK512/production/_ext/1538408868/bass_enhancer.o
LOAD build/dsPIC33AK512/production/_ext/1538408868/click_crack_synth.o
LOAD build/dsPIC33AK512/production/_ext/1034234695/button_led.o
LOAD build/dsPIC33AK512/production/_ext/1034234695/pot.o
LOAD build/dsPIC33AK512/production/_ext/1536116519/app_debug.o
LOAD build/dsPIC33AK512/production/_ext/1536116519/dbconsole.o
LOAD build/dsPIC33AK512/production/_ext/1521024571/touch.o
LOAD build/dsPIC33AK512/production/_ext/1018880376/uart1.o
LOAD build/dsPIC33AK512/production/_ext/1360937237/SPI_TDM_drv.o
LOAD build/dsPIC33AK512/production/_ext/1360937237/i2c.o
LOAD build/dsPIC33AK512/production/_ext/1360937237/main.o
LOAD build/dsPIC33AK512/production/_ext/1360937237/osc_drv.o
LOAD build/dsPIC33AK512/production/_ext/1360937237/wm8731.o
LOAD build/dsPIC33AK512/production/_ext/1360937237/tick_time.o
LOAD build/dsPIC33AK512/production/_ext/1360937237/pwm.o
LOAD build/dsPIC33AK512/production/_ext/1360937237/wm8904.o
LOAD build/dsPIC33AK512/production/_ext/1360937237/SPI3_drv.o
LOAD build/dsPIC33AK512/production/_ext/1360937237/SST26_drv.o
LOAD build/dsPIC33AK512/production/_ext/335358292/eq_api_33AK.o
LOAD build/dsPIC33AK512/production/_ext/335358292/eq_perseus_wrapper.o
LOAD build/dsPIC33AK512/production/_ext/1536116519/eq_benchmark.o
LOAD build/dsPIC33AK512/production/_ext/1538408868/aec_33ak.o
LOAD build/dsPIC33AK512/production/_ext/1538408868/aec_nlms_float.o
LOAD build/dsPIC33AK512/production/_ext/1538408868/aec_src.o
LOAD build/dsPIC33AK512/production/_ext/1538408868/aec_vad_float.o
LOAD ..\src\touch\lib\qtm_acq_dspic33ak_mp_0x0051.X.a
LOAD ..\src\touch\lib\qtm_freq_hop_auto_dspic33akmp_0x0004.X.a
LOAD ..\src\touch\lib\qtm_freq_hop_dspic33akmp_0x0006.X.a
LOAD ..\src\touch\lib\qtm_scroller_dspic33akmp_0x000b.X.a
LOAD ..\src\touch\lib\qtm_touch_key_dspic33akmp_0x0002.X.a
                    0x0001                  __MPLAB_BUILD = 0x1
LOAD p33AK512MPS512
LOAD c:/program files/microchip/xc-dsc/v3.31/bin/bin/../../lib\libfx-elf.a
                    0x7f40d0                  __FBOOT = 0x7f40d0
                    0x7f3000                  __FCP = 0x7f3000
                    0x7f3000                  __FCP = 0x7f3000
                    0x7f3010                  __FICD = 0x7f3010
                    0x7f3010                  __FICD = 0x7f3010
                    0x7f3020                  __FDEVOPT = 0x7f3020
                    0x7f3020                  __FDEVOPT = 0x7f3020
                    0x7f3030                  __FWDT = 0x7f3030
                    0x7f3030                  __FWDT = 0x7f3030
                    0x7f4000                  __FPR0CTRL = 0x7f4000
                    0x7f4000                  __FPR0CTRL = 0x7f4000
                    0x7f4000                  __FPR0CTRL = 0x7f4000
                    0x7f4004                  __FPR0ST = 0x7f4004
                    0x7f4004                  __FPR0ST = 0x7f4004
                    0x7f4004                  __FPR0ST = 0x7f4004
                    0x7f4008                  __FPR0END = 0x7f4008
                    0x7f4008                  __FPR0END = 0x7f4008
                    0x7f4008                  __FPR0END = 0x7f4008
                    0x7f4010                  __FPR1CTRL = 0x7f4010
                    0x7f4010                  __FPR1CTRL = 0x7f4010
                    0x7f4010                  __FPR1CTRL = 0x7f4010
                    0x7f4014                  __FPR1ST = 0x7f4014
                    0x7f4014                  __FPR1ST = 0x7f4014
                    0x7f4014                  __FPR1ST = 0x7f4014
                    0x7f4018                  __FPR1END = 0x7f4018
                    0x7f4018                  __FPR1END = 0x7f4018
                    0x7f4018                  __FPR1END = 0x7f4018
                    0x7f4020                  __FPR2CTRL = 0x7f4020
                    0x7f4020                  __FPR2CTRL = 0x7f4020
                    0x7f4020                  __FPR2CTRL = 0x7f4020
                    0x7f4024                  __FPR2ST = 0x7f4024
                    0x7f4024                  __FPR2ST = 0x7f4024
                    0x7f4024                  __FPR2ST = 0x7f4024
                    0x7f4028                  __FPR2END = 0x7f4028
                    0x7f4028                  __FPR2END = 0x7f4028
                    0x7f4028                  __FPR2END = 0x7f4028
                    0x7f4030                  __FPR3CTRL = 0x7f4030
                    0x7f4030                  __FPR3CTRL = 0x7f4030
                    0x7f4030                  __FPR3CTRL = 0x7f4030
                    0x7f4034                  __FPR3ST = 0x7f4034
                    0x7f4034                  __FPR3ST = 0x7f4034
                    0x7f4034                  __FPR3ST = 0x7f4034
                    0x7f4038                  __FPR3END = 0x7f4038
                    0x7f4038                  __FPR3END = 0x7f4038
                    0x7f4038                  __FPR3END = 0x7f4038
                    0x7f4040                  __FPR4CTRL = 0x7f4040
                    0x7f4040                  __FPR4CTRL = 0x7f4040
                    0x7f4040                  __FPR4CTRL = 0x7f4040
                    0x7f4044                  __FPR4ST = 0x7f4044
                    0x7f4044                  __FPR4ST = 0x7f4044
                    0x7f4044                  __FPR4ST = 0x7f4044
                    0x7f4048                  __FPR4END = 0x7f4048
                    0x7f4048                  __FPR4END = 0x7f4048
                    0x7f4048                  __FPR4END = 0x7f4048
                    0x7f4050                  __FPR5CTRL = 0x7f4050
                    0x7f4050                  __FPR5CTRL = 0x7f4050
                    0x7f4050                  __FPR5CTRL = 0x7f4050
                    0x7f4054                  __FPR5ST = 0x7f4054
                    0x7f4054                  __FPR5ST = 0x7f4054
                    0x7f4054                  __FPR5ST = 0x7f4054
                    0x7f4058                  __FPR5END = 0x7f4058
                    0x7f4058                  __FPR5END = 0x7f4058
                    0x7f4058                  __FPR5END = 0x7f4058
                    0x7f4060                  __FPR6CTRL = 0x7f4060
                    0x7f4060                  __FPR6CTRL = 0x7f4060
                    0x7f4060                  __FPR6CTRL = 0x7f4060
                    0x7f4064                  __FPR6ST = 0x7f4064
                    0x7f4064                  __FPR6ST = 0x7f4064
                    0x7f4064                  __FPR6ST = 0x7f4064
                    0x7f4068                  __FPR6END = 0x7f4068
                    0x7f4068                  __FPR6END = 0x7f4068
                    0x7f4068                  __FPR6END = 0x7f4068
                    0x7f4070                  __FPR7CTRL = 0x7f4070
                    0x7f4070                  __FPR7CTRL = 0x7f4070
                    0x7f4070                  __FPR7CTRL = 0x7f4070
                    0x7f4074                  __FPR7ST = 0x7f4074
                    0x7f4074                  __FPR7ST = 0x7f4074
                    0x7f4074                  __FPR7ST = 0x7f4074
                    0x7f4078                  __FPR7END = 0x7f4078
                    0x7f4078                  __FPR7END = 0x7f4078
                    0x7f4078                  __FPR7END = 0x7f4078
                    0x7f4080                  __FIRT = 0x7f4080
                    0x7f4080                  __FIRT = 0x7f4080
                    0x7f4080                  __FIRT = 0x7f4080
                    0x7f4090                  __FSECDBG = 0x7f4090
                    0x7f4090                  __FSECDBG = 0x7f4090
                    0x7f4090                  __FSECDBG = 0x7f4090
                    0x7f40a0                  __FPED = 0x7f40a0
                    0x7f40a0                  __FPED = 0x7f40a0
                    0x7f40a0                  __FPED = 0x7f40a0
                    0x7f40b0                  __FEPUCB = 0x7f40b0
                    0x7f40b0                  __FEPUCB = 0x7f40b0
                    0x7f40b0                  __FEPUCB = 0x7f40b0
                    0x7f40c0                  __FWPUCB = 0x7f40c0
                    0x7f40c0                  __FWPUCB = 0x7f40c0
                    0x7f40c0                  __FWPUCB = 0x7f40c0
                    0x801000                  __CODE_BASE = 0x801000
                    0x7f000                  __CODE_LENGTH = 0x7f000
                    0x4000                  __DATA_BASE = 0x4000
                    0x10000                  __DATA_LENGTH = 0x10000
                    0xc000                  __YDATA_BASE = 0xc000
                    0x14000                  __YDATA_END = 0x14000

.reset            0x800000          0x4
                  0x800000          0x4 LONG 0x8005b4 ABSOLUTE (__reset)

.text             0x8005b4       0x3aa4
 *(.init)
 .init            0x8005b4         0xe0 c:/program files/microchip/xc-dsc/v3.31/bin/bin/../../lib\libc99-pic30-elf.a(crt0_extendedaa.o)
                  0x8005b4                  __resetPRI
                  0x8005b4                  __reset
                  0x800690                  ___tls_crt_init
                  0x800690                  __crt_return_stmt
 .init            0x800694         0x64 c:/program files/microchip/xc-dsc/v3.31/bin/bin/../../lib\libc99-pic30-elf.a(data_init_extendedaa.o)
                  0x800694                  __data_init
                  0x800694                  __data_init_extended
 *(.user_init)
 *(.handle)
 *(.isr*)
 .isr.isr.text    0x8006f8         0x94 build/dsPIC33AK512/production/_ext/659850406/adc5.o
                  0x8006f8                  __AD5CH0Interrupt
 .isr.isr.text    0x80078c        0x100 build/dsPIC33AK512/production/_ext/659850406/adc3.o
                  0x80078c                  __AD3CH0Interrupt
                  0x800794                  __DMA2Interrupt
 .isr.isr.text    0x80088c         0xa8 build/dsPIC33AK512/production/_ext/659850406/adc4.o
                  0x80088c                  __AD4CH0Interrupt
                  0x800894                  __DMA3Interrupt
 .isr.isr.text    0x800934         0x58 build/dsPIC33AK512/production/_ext/1521024571/touch.o
                  0x800934                  __ITCInterrupt
 .isr.isr.text    0x80098c         0xd8 build/dsPIC33AK512/production/_ext/1018880376/uart1.o
                  0x80098c                  __U1RXInterrupt
 .isr.isr.text    0x800a64        0x51c build/dsPIC33AK512/production/_ext/1360937237/SPI_TDM_drv.o
                  0x800a64                  __DMA0Interrupt
                  0x800f6c                  __DMA1Interrupt
 .isr.isr.text    0x800f80         0x3c build/dsPIC33AK512/production/_ext/1360937237/main.o
                  0x800f80                  __DefaultInterrupt
 .isr.isr.text    0x800fbc          0xc build/dsPIC33AK512/production/_ext/1360937237/tick_time.o
                  0x800fbc                  __T1Interrupt
 .isr.isr.text    0x800fc8        0x130 build/dsPIC33AK512/production/_ext/1360937237/pwm.o
                  0x800fc8                  __PWM5Interrupt
                  0x800fdc                  __PWM6Interrupt
                  0x800ff0                  __PWM7Interrupt
                  0x801004                  __PWM8Interrupt
                  0x801018                  __DMA4Interrupt
                  0x801050                  __DMA5Interrupt
                  0x801088                  __DMA6Interrupt
                  0x8010c0                  __DMA7Interrupt
 *(.libc)
 .libc            0x8010f8         0x10 c:/program files/microchip/xc-dsc/v3.31/bin/bin/../../lib\libc99-pic30-elf.a(delay32.AAMeo)
                  0x8010f8                  ___delay32
 .libc            0x801108          0x4 c:/program files/microchip/xc-dsc/v3.31/bin/bin/../../lib\libc99-pic30-elf.a(close.AAMeo)
                  0x801108                  _close
 *(.libm)
 *(.libdsp)
 *(.lib*)
 .libc.write      0x80110c         0x84 build/dsPIC33AK512/production/_ext/1018880376/uart1.o
                  0x80110c                  _write
 .libpic30_crt_start_mode
                  0x801190          0x4 c:/program files/microchip/xc-dsc/v3.31/bin/bin/../../lib\libc99-pic30-elf.a(crt_start_mode_normal.AAMeo)
                  0x801190                  __crt_start_mode_normal
                  0x801190                  __crt_start_mode
 .lib.ctor        0x801194         0x58 c:/program files/microchip/xc-dsc/v3.31/bin/bin/../../lib\libc99-pic30-elf.a(crt_ctor.aa.AAMeo)
                  0x801194                  __ctor
                  0x8011c8                  __dtor
 .libc.expf       0x8011ec        0x1d0 c:/program files/microchip/xc-dsc/v3.31/bin/bin/../../lib\libm-elf.a(expf.AA_o)
                  0x8011ec                  _expf
 .libc.log10f     0x8013bc        0x1c8 c:/program files/microchip/xc-dsc/v3.31/bin/bin/../../lib\libm-elf.a(log10f.AA_o)
                  0x8013bc                  _log10f
 .libc.logf       0x801584        0x18c c:/program files/microchip/xc-dsc/v3.31/bin/bin/../../lib\libm-elf.a(logf.AA_o)
                  0x801584                  _logf
 .libc.lrintf     0x801710          0xc c:/program files/microchip/xc-dsc/v3.31/bin/bin/../../lib\libm-elf.a(lrintf.AA_o)
                  0x801710                  _lrintf
 .libc.powf       0x80171c        0x75c c:/program files/microchip/xc-dsc/v3.31/bin/bin/../../lib\libm-elf.a(powf.AA_o)
                  0x80171c                  _powf
 .libc.rintf      0x801e78         0x78 c:/program files/microchip/xc-dsc/v3.31/bin/bin/../../lib\libm-elf.a(rintf.AA_o)
                  0x801e78                  _rintf
 .libc.scalbnf    0x801ef0         0x94 c:/program files/microchip/xc-dsc/v3.31/bin/bin/../../lib\libm-elf.a(scalbnf.AA_o)
                  0x801ef0                  _scalbnf
 .libc.sqrtf      0x801f84        0x13c c:/program files/microchip/xc-dsc/v3.31/bin/bin/../../lib\libm-elf.a(sqrtf.AA_o)
                  0x801f84                  _sqrtf
 .libc.tanhf      0x8020c0         0xdc c:/program files/microchip/xc-dsc/v3.31/bin/bin/../../lib\libm-elf.a(tanhf.AA_o)
                  0x8020c0                  _tanhf
 .libc.expm1f     0x80219c        0x308 c:/program files/microchip/xc-dsc/v3.31/bin/bin/../../lib\libm-elf.a(expm1f.AA_o)
                  0x80219c                  _expm1f
 .libc.fabsf      0x8024a4         0x10 c:/program files/microchip/xc-dsc/v3.31/bin/bin/../../lib\libm-elf.a(fabsf.AA_o)
                  0x8024a4                  _fabsf
 .libc.__wrap_printf
                  0x8024b4         0x20 c:/program files/microchip/xc-dsc/v3.31/bin/bin/../../lib\libc99-elf.a(__sio_printf_dfosux.AA_o)
                  0x8024b4                  __dprintf_cdeEfFnopsuxX
                  0x8024b4                  __printf_cdfFgGnopsuxX
                  0x8024b4                  __printf_cdfFnopsuxX
                  0x8024b4                  __printf_cdeEgGnopsuxX
                  0x8024b4                  __dprintf_cdeEfFgGnopsuxX
                  0x8024b4                  __dprintf_cdgGnopsuxX
                  0x8024b4                  __dprintf_cdfFgGnopsuxX
                  0x8024b4                  __printf_cdgGnopsuxX
                  0x8024b4                  __dprintf_cdeEnopsuxX
                  0x8024b4                  __printf_cdeEfFgGnopsuxX
                  0x8024b4                  __printf_cdeEfFnopsuxX
                  0x8024b4                  __dprintf_cdfFnopsuxX
                  0x8024b4                  __dprintf_cdeEgGnopsuxX
                  0x8024b4                  __printf_cdeEnopsuxX
 .libc.__wrap_printf
                  0x8024d4         0x20 c:/program files/microchip/xc-dsc/v3.31/bin/bin/../../lib\libc99-elf.a(__sio_printf_dfoux.AA_o)
                  0x8024d4                  __printf_cdfFgGnopuxX
                  0x8024d4                  __printf_cdeEgGnopuxX
                  0x8024d4                  __printf_cdeEfFnopuxX
                  0x8024d4                  __dprintf_cdgGnopuxX
                  0x8024d4                  __dprintf_cdfFnopuxX
                  0x8024d4                  __dprintf_cdeEgGnopuxX
                  0x8024d4                  __printf_cdeEfFgGnopuxX
                  0x8024d4                  __printf_cdgGnopuxX
                  0x8024d4                  __printf_cdfFnopuxX
                  0x8024d4                  __dprintf_cdfFgGnopuxX
                  0x8024d4                  __printf_cdeEnopuxX
                  0x8024d4                  __dprintf_cdeEfFnopuxX
                  0x8024d4                  __dprintf_cdeEfFgGnopuxX
                  0x8024d4                  __dprintf_cdeEnopuxX
 .libc.__wrap_printf
                  0x8024f4         0x20 c:/program files/microchip/xc-dsc/v3.31/bin/bin/../../lib\libc99-elf.a(__sio_printf_doux.AA_o)
                  0x8024f4                  __printf_cdnopuxX
                  0x8024f4                  __dprintf_cdnopuxX
 .libc.__wrap_printf
                  0x802514         0x20 c:/program files/microchip/xc-dsc/v3.31/bin/bin/../../lib\libc99-elf.a(__sio_printf_f.AA_o)
                  0x802514                  __dprintf_eEfF
                  0x802514                  __dprintf_gG
                  0x802514                  __dprintf_fFgG
                  0x802514                  __printf_fF
                  0x802514                  __printf_gG
                  0x802514                  __dprintf_eEfFgG
                  0x802514                  __printf_eEgG
                  0x802514                  __printf_eE
                  0x802514                  __printf_eEfF
                  0x802514                  __printf_eEfFgG
                  0x802514                  __dprintf_eE
                  0x802514                  __dprintf_fF
                  0x802514                  __printf_fFgG
                  0x802514                  __dprintf_eEgG
 .libc.memcpy     0x802534         0x1c c:/program files/microchip/xc-dsc/v3.31/bin/bin/../../lib\libc99-elf.a(memcpy.AA_o)
                  0x802534                  _memcpy
 .libc.memset     0x802550         0x18 c:/program files/microchip/xc-dsc/v3.31/bin/bin/../../lib\libc99-elf.a(memset.AA_o)
                  0x802550                  _memset
 .libc.putchar    0x802568         0x10 c:/program files/microchip/xc-dsc/v3.31/bin/bin/../../lib\libc99-elf.a(putchar.AA_o)
                  0x802568                  _putchar
 .libc.puts       0x802578         0x3c c:/program files/microchip/xc-dsc/v3.31/bin/bin/../../lib\libc99-elf.a(puts.AA_o)
                  0x802578                  _puts
 .libc.__dummy0
                  0x8025b4          0x4 c:/program files/microchip/xc-dsc/v3.31/bin/bin/../../lib\libc99-elf.a(stdout.AA_o)
                  0x8025b4                  ___stdio_seek
 .libc.__fmt_d    0x8025b8        0x12c c:/program files/microchip/xc-dsc/v3.31/bin/bin/../../lib\libc99-elf.a(__fmt_d.AA_o)
                  0x8025b8                  ___fmt_d_needed
                  0x8025b8                  ___fmt_d
 .libc.__fmt_fp
                  0x8026e4        0x5ac c:/program files/microchip/xc-dsc/v3.31/bin/bin/../../lib\libc99-elf.a(__fmt_fp.AA_o)
                  0x8026e4                  ___fmt_fp
                  0x8026e4                  ___fmt_f_needed
 .libc.__fmt_o    0x802c90         0xc4 c:/program files/microchip/xc-dsc/v3.31/bin/bin/../../lib\libc99-elf.a(__fmt_o.AA_o)
                  0x802c90                  ___fmt_o_needed
                  0x802c90                  ___fmt_o
 .libc.__fmt_s    0x802d54         0x88 c:/program files/microchip/xc-dsc/v3.31/bin/bin/../../lib\libc99-elf.a(__fmt_s.AA_o)
                  0x802d54                  ___fmt_s_needed
                  0x802d54                  ___fmt_s
                  0x802d54                  ___fmt_0_needed
 .libc.__fmt_u    0x802ddc         0x8c c:/program files/microchip/xc-dsc/v3.31/bin/bin/../../lib\libc99-elf.a(__fmt_u.AA_o)
                  0x802ddc                  ___fmt_u
                  0x802ddc                  ___fmt_u_needed
 .libc.__fmt_x    0x802e68        0x1d4 c:/program files/microchip/xc-dsc/v3.31/bin/bin/../../lib\libc99-elf.a(__fmt_x.AA_o)
                  0x802e68                  ___fmt_x
                  0x802e68                  ___fmt_x_needed
 .libc.__vfprintf
                  0x80303c         0x2c c:/program files/microchip/xc-dsc/v3.31/bin/bin/../../lib\libc99-elf.a(__int_vfprintf.AA_o)
                  0x80303c                  ___vfprintf
 .libc.__fwrite_min
                  0x803068          0x8 c:/program files/microchip/xc-dsc/v3.31/bin/bin/../../lib\libc99-elf.a(__out.AA_o)
                  0x803068                  ___fwrite
                  0x803068                  ___stdio_write_unbuffered
                  0x803068                  ___stdio_write
 .libc.__out      0x803070         0x74 c:/program files/microchip/xc-dsc/v3.31/bin/bin/../../lib\libc99-elf.a(__out.AA_o)
                  0x803070                  ___out
                  0x803070                  ___out_needed
 .libc.__pop_float
                  0x8030e4         0x5c c:/program files/microchip/xc-dsc/v3.31/bin/bin/../../lib\libc99-elf.a(__pop_float.AA_o)
                  0x8030e4                  ___pop_float
                  0x8030e4                  ___pop_float_needed
 .libc.__pop_int
                  0x803140        0x17c c:/program files/microchip/xc-dsc/v3.31/bin/bin/../../lib\libc99-elf.a(__pop_int.AA_o)
                  0x803140                  ___pop_int
                  0x803140                  ___pop_int_needed
 .libc.__pop_ptr
                  0x8032bc         0xbc c:/program files/microchip/xc-dsc/v3.31/bin/bin/../../lib\libc99-elf.a(__pop_ptr.AA_o)
                  0x8032bc                  ___pop_ptr_needed
                  0x8032bc                  ___pop_ptr
 .libc.__pad      0x803378         0xc4 c:/program files/microchip/xc-dsc/v3.31/bin/bin/../../lib\libc99-elf.a(__printf_core.AA_o)
                  0x803378                  ___pad
 .libc.__dummy_fmt4
                  0x80343c          0x4 c:/program files/microchip/xc-dsc/v3.31/bin/bin/../../lib\libc99-elf.a(__printf_core.AA_o)
                  0x80343c                  ___fmt_a
 .libc.__fmt_state
                  0x803440         0x58 c:/program files/microchip/xc-dsc/v3.31/bin/bin/../../lib\libc99-elf.a(__printf_core.AA_o)
                  0x803440                  ___fmt_state
 .libc.__printf_core
                  0x803498        0x504 c:/program files/microchip/xc-dsc/v3.31/bin/bin/../../lib\libc99-elf.a(__printf_core.AA_o)
                  0x803498                  ___printf_core
 .libc.__stdio_close_rw
                  0x80399c         0xb0 c:/program files/microchip/xc-dsc/v3.31/bin/bin/../../lib\libc99-elf.a(__stdio_close.AA_o)
                  0x80399c                  ___stdio_close_rw
 .libc.atoi       0x803a4c         0x68 c:/program files/microchip/xc-dsc/v3.31/bin/bin/../../lib\libc99-elf.a(atoi.AA_o)
                  0x803a4c                  _atoi
 .libc.fputs      0x803ab4         0x3c c:/program files/microchip/xc-dsc/v3.31/bin/bin/../../lib\libc99-elf.a(fputs.AA_o)
                  0x803ab4                  _fputs_unlocked
                  0x803ab4                  _fputs
 .libc.fwrite     0x803af0         0x40 c:/program files/microchip/xc-dsc/v3.31/bin/bin/../../lib\libc99-elf.a(fwrite.AA_o)
                  0x803af0                  _fwrite
                  0x803af0                  _fwrite_unlocked
 .libc.__lseek    0x803b30         0x10 c:/program files/microchip/xc-dsc/v3.31/bin/bin/../../lib\libc99-elf.a(lseek.AA_o)
                  0x803b30                  ___lseek
                  0x803b30                  _lseek
 .libc.__putc_unbuffered
                  0x803b40         0x54 c:/program files/microchip/xc-dsc/v3.31/bin/bin/../../lib\libc99-elf.a(putc.AA_o)
                  0x803b40                  ___putc
                  0x803b40                  ___putc_unbuffered
 .libc.putc       0x803b94          0x4 c:/program files/microchip/xc-dsc/v3.31/bin/bin/../../lib\libc99-elf.a(putc.AA_o)
                  0x803b94                  _putc_unlocked
                  0x803b94                  _fputc
                  0x803b94                  _putc
                  0x803b94                  __IO_putc
 .libc.strcpy     0x803b98         0x10 c:/program files/microchip/xc-dsc/v3.31/bin/bin/../../lib\libc99-elf.a(strcpy.AA_o)
                  0x803b98                  _strcpy
 .libc.strlen     0x803ba8         0x6c c:/program files/microchip/xc-dsc/v3.31/bin/bin/../../lib\libc99-elf.a(strlen.AA_o)
                  0x803ba8                  _strlen
 .libc.__syscall_ret
                  0x803c14         0x20 c:/program files/microchip/xc-dsc/v3.31/bin/bin/../../lib\libc99-elf.a(syscall_ret.AA_o)
                  0x803c14                  ___syscall_ret
 .libc.tolower    0x803c34         0x10 c:/program files/microchip/xc-dsc/v3.31/bin/bin/../../lib\libc99-elf.a(tolower.AA_o)
                  0x803c34                  _tolower
 .libc.toupper    0x803c44         0x14 c:/program files/microchip/xc-dsc/v3.31/bin/bin/../../lib\libc99-elf.a(toupper.AA_o)
                  0x803c44                  _toupper
 .libc.__cvt_u    0x803c58        0x10c c:/program files/microchip/xc-dsc/v3.31/bin/bin/../../lib\libc99-elf.a(__cvt_u.AA_o)
                  0x803c58                  ___cvt_u
 .libc.__stpcpy
                  0x803d64         0x80 c:/program files/microchip/xc-dsc/v3.31/bin/bin/../../lib\libc99-elf.a(stpcpy.AA_o)
                  0x803d64                  _stpcpy
                  0x803d64                  ___stpcpy
 .libm.extendsfdf2
                  0x803de4         0x64 c:/program files/microchip/xc-dsc/v3.31/bin/bin/../../lib\libc99-pic30-elf.a(extendsfdf.aa.AA_eo)
                  0x803de4                  ___extendsfdf2
 .libm.funpack    0x803e48         0x50 c:/program files/microchip/xc-dsc/v3.31/bin/bin/../../lib\libc99-pic30-elf.a(funpack.aa.AA_eo)
                  0x803e48                  __funpack
 .libm.__udivmoddi3
                  0x803e98         0xcc c:/program files/microchip/xc-dsc/v3.31/bin/bin/../../lib\libc99-pic30-elf.a(divmoddi3.AA_eo)
                  0x803e98                  ___udivmoddi3
 .libm.__udivdi3
                  0x803f64          0x8 c:/program files/microchip/xc-dsc/v3.31/bin/bin/../../lib\libc99-pic30-elf.a(divmoddi3.AA_eo)
                  0x803f64                  ___udivdi3
 .libm.__umoddi3
                  0x803f6c          0x8 c:/program files/microchip/xc-dsc/v3.31/bin/bin/../../lib\libc99-pic30-elf.a(divmoddi3.AA_eo)
                  0x803f6c                  ___umoddi3
 .libc.floorl     0x803f74         0xe4 c:/program files/microchip/xc-dsc/v3.31/bin/bin/../../lib\libm-elf.a(floorl.AA_o)
                  0x803f74                  _floorl

usercode
 *(usercode)

__FBOOT
 *(__FBOOT.sec*)

__FCP
 *(__FCP.sec*)
 *(__FCP.sec*)

__FICD
 *(__FICD.sec*)
 *(__FICD.sec*)

__FDEVOPT
 *(__FDEVOPT.sec*)
 *(__FDEVOPT.sec*)

__FWDT
 *(__FWDT.sec*)
 *(__FWDT.sec*)

__FPR0CTRL
 *(__FPR0CTRL.sec*)
 *(__FPR0CTRL.sec*)
 *(__FPR0CTRL.sec*)

__FPR0ST
 *(__FPR0ST.sec*)
 *(__FPR0ST.sec*)
 *(__FPR0ST.sec*)

__FPR0END
 *(__FPR0END.sec*)
 *(__FPR0END.sec*)
 *(__FPR0END.sec*)

__FPR1CTRL
 *(__FPR1CTRL.sec*)
 *(__FPR1CTRL.sec*)
 *(__FPR1CTRL.sec*)

__FPR1ST
 *(__FPR1ST.sec*)
 *(__FPR1ST.sec*)
 *(__FPR1ST.sec*)

__FPR1END
 *(__FPR1END.sec*)
 *(__FPR1END.sec*)
 *(__FPR1END.sec*)

__FPR2CTRL
 *(__FPR2CTRL.sec*)
 *(__FPR2CTRL.sec*)
 *(__FPR2CTRL.sec*)

__FPR2ST
 *(__FPR2ST.sec*)
 *(__FPR2ST.sec*)
 *(__FPR2ST.sec*)

__FPR2END
 *(__FPR2END.sec*)
 *(__FPR2END.sec*)
 *(__FPR2END.sec*)

__FPR3CTRL
 *(__FPR3CTRL.sec*)
 *(__FPR3CTRL.sec*)
 *(__FPR3CTRL.sec*)

__FPR3ST
 *(__FPR3ST.sec*)
 *(__FPR3ST.sec*)
 *(__FPR3ST.sec*)

__FPR3END
 *(__FPR3END.sec*)
 *(__FPR3END.sec*)
 *(__FPR3END.sec*)

__FPR4CTRL
 *(__FPR4CTRL.sec*)
 *(__FPR4CTRL.sec*)
 *(__FPR4CTRL.sec*)

__FPR4ST
 *(__FPR4ST.sec*)
 *(__FPR4ST.sec*)
 *(__FPR4ST.sec*)

__FPR4END
 *(__FPR4END.sec*)
 *(__FPR4END.sec*)
 *(__FPR4END.sec*)

__FPR5CTRL
 *(__FPR5CTRL.sec*)
 *(__FPR5CTRL.sec*)
 *(__FPR5CTRL.sec*)

__FPR5ST
 *(__FPR5ST.sec*)
 *(__FPR5ST.sec*)
 *(__FPR5ST.sec*)

__FPR5END
 *(__FPR5END.sec*)
 *(__FPR5END.sec*)
 *(__FPR5END.sec*)

__FPR6CTRL
 *(__FPR6CTRL.sec*)
 *(__FPR6CTRL.sec*)
 *(__FPR6CTRL.sec*)

__FPR6ST
 *(__FPR6ST.sec*)
 *(__FPR6ST.sec*)
 *(__FPR6ST.sec*)

__FPR6END
 *(__FPR6END.sec*)
 *(__FPR6END.sec*)
 *(__FPR6END.sec*)

__FPR7CTRL
 *(__FPR7CTRL.sec*)
 *(__FPR7CTRL.sec*)
 *(__FPR7CTRL.sec*)

__FPR7ST
 *(__FPR7ST.sec*)
 *(__FPR7ST.sec*)
 *(__FPR7ST.sec*)

__FPR7END
 *(__FPR7END.sec*)
 *(__FPR7END.sec*)
 *(__FPR7END.sec*)

__FIRT
 *(__FIRT.sec*)
 *(__FIRT.sec*)
 *(__FIRT.sec*)

__FSECDBG
 *(__FSECDBG.sec*)
 *(__FSECDBG.sec*)
 *(__FSECDBG.sec*)

__FPED
 *(__FPED.sec*)
 *(__FPED.sec*)
 *(__FPED.sec*)

__FEPUCB
 *(__FEPUCB.sec*)
 *(__FEPUCB.sec*)
 *(__FEPUCB.sec*)

__FWPUCB
 *(__FWPUCB.sec*)
 *(__FWPUCB.sec*)
 *(__FWPUCB.sec*)

.comment            0x0000       0x1edc
 *(.comment)
 .comment           0x0000         0x5c build/dsPIC33AK512/production/_ext/659850406/adc5.o
 .comment           0x005c         0x5c build/dsPIC33AK512/production/_ext/659850406/adc3.o
 .comment           0x00b8         0x5c build/dsPIC33AK512/production/_ext/659850406/adc4.o
 .comment           0x0114         0x5c build/dsPIC33AK512/production/_ext/1538408868/float_conversion.o
 .comment           0x0170         0x5c build/dsPIC33AK512/production/_ext/1538408868/gain_ctrl.o
 .comment           0x01cc         0x5c build/dsPIC33AK512/production/_ext/1538408868/tone_ctrl.o
 .comment           0x0228         0x5c build/dsPIC33AK512/production/_ext/1538408868/LED_level_meter.o
 .comment           0x0284         0x5c build/dsPIC33AK512/production/_ext/1538408868/snd_effect_play.o
 .comment           0x02e0         0x5c build/dsPIC33AK512/production/_ext/1538408868/engine_synth.o
 .comment           0x033c         0x5c build/dsPIC33AK512/production/_ext/1538408868/widen_ctrl.o
 .comment           0x0398         0x5c build/dsPIC33AK512/production/_ext/1538408868/bass_enhancer.o
 .comment           0x03f4         0x5c build/dsPIC33AK512/production/_ext/1538408868/click_crack_synth.o
 .comment           0x0450         0x5c build/dsPIC33AK512/production/_ext/1034234695/button_led.o
 .comment           0x04ac         0x5c build/dsPIC33AK512/production/_ext/1034234695/pot.o
 .comment           0x0508         0x5c build/dsPIC33AK512/production/_ext/1536116519/app_debug.o
 .comment           0x0564         0x5c build/dsPIC33AK512/production/_ext/1536116519/dbconsole.o
 .comment           0x05c0         0x5c build/dsPIC33AK512/production/_ext/1521024571/touch.o
 .comment           0x061c         0x5c build/dsPIC33AK512/production/_ext/1018880376/uart1.o
 .comment           0x0678         0x5c build/dsPIC33AK512/production/_ext/1360937237/SPI_TDM_drv.o
 .comment           0x06d4         0x5c build/dsPIC33AK512/production/_ext/1360937237/i2c.o
 .comment           0x0730         0x5c build/dsPIC33AK512/production/_ext/1360937237/main.o
 .comment           0x078c         0x5c build/dsPIC33AK512/production/_ext/1360937237/osc_drv.o
 .comment           0x07e8         0x5c build/dsPIC33AK512/production/_ext/1360937237/tick_time.o
 .comment           0x0844         0x5c build/dsPIC33AK512/production/_ext/1360937237/pwm.o
 .comment           0x08a0         0x5c build/dsPIC33AK512/production/_ext/1360937237/wm8904.o
 .comment           0x08fc         0x5c build/dsPIC33AK512/production/_ext/1360937237/SPI3_drv.o
 .comment           0x0958         0x5c build/dsPIC33AK512/production/_ext/1360937237/SST26_drv.o
 .comment           0x09b4         0x5c build/dsPIC33AK512/production/_ext/335358292/eq_api_33AK.o
 .comment           0x0a10         0x5c build/dsPIC33AK512/production/_ext/335358292/eq_perseus_wrapper.o
 .comment           0x0a6c         0x5c build/dsPIC33AK512/production/_ext/1536116519/eq_benchmark.o
 .comment           0x0ac8         0x5c build/dsPIC33AK512/production/_ext/1538408868/aec_33ak.o
 .comment           0x0b24         0x5c build/dsPIC33AK512/production/_ext/1538408868/aec_nlms_float.o
 .comment           0x0b80         0x5c build/dsPIC33AK512/production/_ext/1538408868/aec_src.o
 .comment           0x0bdc         0x5c build/dsPIC33AK512/production/_ext/1538408868/aec_vad_float.o
 .comment           0x0c38         0x58 ..\src\touch\lib\qtm_acq_dspic33ak_mp_0x0051.X.a(pic_acq_x_dspic33ak_mp.o)
 .comment           0x0c90         0x58 ..\src\touch\lib\qtm_freq_hop_auto_dspic33akmp_0x0004.X.a(pic_freq_hop_auto_x_dspic33akmp.o)
 .comment           0x0ce8         0x58 ..\src\touch\lib\qtm_touch_key_dspic33akmp_0x0002.X.a(pic_touch_key_x_dspic33akmp.o)
 .comment           0x0d40         0x5c c:/program files/microchip/xc-dsc/v3.31/bin/bin/../../lib\libm-elf.a(expf.AA_o)
 .comment           0x0d9c         0x5c c:/program files/microchip/xc-dsc/v3.31/bin/bin/../../lib\libm-elf.a(log10f.AA_o)
 .comment           0x0df8         0x5c c:/program files/microchip/xc-dsc/v3.31/bin/bin/../../lib\libm-elf.a(logf.AA_o)
 .comment           0x0e54         0x5c c:/program files/microchip/xc-dsc/v3.31/bin/bin/../../lib\libm-elf.a(lrintf.AA_o)
 .comment           0x0eb0         0x5c c:/program files/microchip/xc-dsc/v3.31/bin/bin/../../lib\libm-elf.a(powf.AA_o)
 .comment           0x0f0c         0x5c c:/program files/microchip/xc-dsc/v3.31/bin/bin/../../lib\libm-elf.a(rintf.AA_o)
 .comment           0x0f68         0x5c c:/program files/microchip/xc-dsc/v3.31/bin/bin/../../lib\libm-elf.a(scalbnf.AA_o)
 .comment           0x0fc4         0x5c c:/program files/microchip/xc-dsc/v3.31/bin/bin/../../lib\libm-elf.a(sqrtf.AA_o)
 .comment           0x1020         0x5c c:/program files/microchip/xc-dsc/v3.31/bin/bin/../../lib\libm-elf.a(tanhf.AA_o)
 .comment           0x107c         0x5c c:/program files/microchip/xc-dsc/v3.31/bin/bin/../../lib\libm-elf.a(expm1f.AA_o)
 .comment           0x10d8         0x5c c:/program files/microchip/xc-dsc/v3.31/bin/bin/../../lib\libm-elf.a(fabsf.AA_o)
 .comment           0x1134         0x5c c:/program files/microchip/xc-dsc/v3.31/bin/bin/../../lib\libc99-elf.a(__errno_location.AA_o)
 .comment           0x1190         0x5c c:/program files/microchip/xc-dsc/v3.31/bin/bin/../../lib\libc99-elf.a(__sio_printf_dfosux.AA_o)
 .comment           0x11ec         0x5c c:/program files/microchip/xc-dsc/v3.31/bin/bin/../../lib\libc99-elf.a(__sio_printf_dfoux.AA_o)
 .comment           0x1248         0x5c c:/program files/microchip/xc-dsc/v3.31/bin/bin/../../lib\libc99-elf.a(__sio_printf_doux.AA_o)
 .comment           0x12a4         0x5c c:/program files/microchip/xc-dsc/v3.31/bin/bin/../../lib\libc99-elf.a(__sio_printf_f.AA_o)
 .comment           0x1300         0x5c c:/program files/microchip/xc-dsc/v3.31/bin/bin/../../lib\libc99-elf.a(memcpy.AA_o)
 .comment           0x135c         0x5c c:/program files/microchip/xc-dsc/v3.31/bin/bin/../../lib\libc99-elf.a(memset.AA_o)
 .comment           0x13b8         0x5c c:/program files/microchip/xc-dsc/v3.31/bin/bin/../../lib\libc99-elf.a(putchar.AA_o)
 .comment           0x1414         0x5c c:/program files/microchip/xc-dsc/v3.31/bin/bin/../../lib\libc99-elf.a(puts.AA_o)
 .comment           0x1470         0x5c c:/program files/microchip/xc-dsc/v3.31/bin/bin/../../lib\libc99-elf.a(stdout.AA_o)
 .comment           0x14cc         0x5c c:/program files/microchip/xc-dsc/v3.31/bin/bin/../../lib\libc99-elf.a(__fmt_d.AA_o)
 .comment           0x1528         0x5c c:/program files/microchip/xc-dsc/v3.31/bin/bin/../../lib\libc99-elf.a(__fmt_fp.AA_o)
 .comment           0x1584         0x5c c:/program files/microchip/xc-dsc/v3.31/bin/bin/../../lib\libc99-elf.a(__fmt_o.AA_o)
 .comment           0x15e0         0x5c c:/program files/microchip/xc-dsc/v3.31/bin/bin/../../lib\libc99-elf.a(__fmt_s.AA_o)
 .comment           0x163c         0x5c c:/program files/microchip/xc-dsc/v3.31/bin/bin/../../lib\libc99-elf.a(__fmt_u.AA_o)
 .comment           0x1698         0x5c c:/program files/microchip/xc-dsc/v3.31/bin/bin/../../lib\libc99-elf.a(__fmt_x.AA_o)
 .comment           0x16f4         0x5c c:/program files/microchip/xc-dsc/v3.31/bin/bin/../../lib\libc99-elf.a(__int_vfprintf.AA_o)
 .comment           0x1750         0x5c c:/program files/microchip/xc-dsc/v3.31/bin/bin/../../lib\libc99-elf.a(__out.AA_o)
 .comment           0x17ac         0x5c c:/program files/microchip/xc-dsc/v3.31/bin/bin/../../lib\libc99-elf.a(__pop_float.AA_o)
 .comment           0x1808         0x5c c:/program files/microchip/xc-dsc/v3.31/bin/bin/../../lib\libc99-elf.a(__pop_int.AA_o)
 .comment           0x1864         0x5c c:/program files/microchip/xc-dsc/v3.31/bin/bin/../../lib\libc99-elf.a(__pop_ptr.AA_o)
 .comment           0x18c0         0x5c c:/program files/microchip/xc-dsc/v3.31/bin/bin/../../lib\libc99-elf.a(__printf_core.AA_o)
 .comment           0x191c         0x5c c:/program files/microchip/xc-dsc/v3.31/bin/bin/../../lib\libc99-elf.a(__stdio_close.AA_o)
 .comment           0x1978         0x5c c:/program files/microchip/xc-dsc/v3.31/bin/bin/../../lib\libc99-elf.a(atoi.AA_o)
 .comment           0x19d4         0x5c c:/program files/microchip/xc-dsc/v3.31/bin/bin/../../lib\libc99-elf.a(fputs.AA_o)
 .comment           0x1a30         0x5c c:/program files/microchip/xc-dsc/v3.31/bin/bin/../../lib\libc99-elf.a(fwrite.AA_o)
 .comment           0x1a8c         0x5c c:/program files/microchip/xc-dsc/v3.31/bin/bin/../../lib\libc99-elf.a(lseek.AA_o)
 .comment           0x1ae8         0x5c c:/program files/microchip/xc-dsc/v3.31/bin/bin/../../lib\libc99-elf.a(putc.AA_o)
 .comment           0x1b44         0x5c c:/program files/microchip/xc-dsc/v3.31/bin/bin/../../lib\libc99-elf.a(strcpy.AA_o)
 .comment           0x1ba0         0x5c c:/program files/microchip/xc-dsc/v3.31/bin/bin/../../lib\libc99-elf.a(strlen.AA_o)
 .comment           0x1bfc         0x5c c:/program files/microchip/xc-dsc/v3.31/bin/bin/../../lib\libc99-elf.a(syscall_ret.AA_o)
 .comment           0x1c58         0x5c c:/program files/microchip/xc-dsc/v3.31/bin/bin/../../lib\libc99-elf.a(tolower.AA_o)
 .comment           0x1cb4         0x5c c:/program files/microchip/xc-dsc/v3.31/bin/bin/../../lib\libc99-elf.a(toupper.AA_o)
 .comment           0x1d10         0x5c c:/program files/microchip/xc-dsc/v3.31/bin/bin/../../lib\libc99-elf.a(__cvt_u.AA_o)
 .comment           0x1d6c         0x5c c:/program files/microchip/xc-dsc/v3.31/bin/bin/../../lib\libc99-elf.a(stpcpy.AA_o)
 .comment           0x1dc8         0x5c c:/program files/microchip/xc-dsc/v3.31/bin/bin/../../lib\libc99-pic30-elf.a(close.AAMeo)
 .comment           0x1e24         0x5c c:/program files/microchip/xc-dsc/v3.31/bin/bin/../../lib\libc99-pic30-elf.a(divmoddi3.AA_eo)
 .comment           0x1e80         0x5c c:/program files/microchip/xc-dsc/v3.31/bin/bin/../../lib\libm-elf.a(floorl.AA_o)

.debug_info         0x0000      0x2c77a
 *(.debug_info)
 .debug_info        0x0000       0x1b42 build/dsPIC33AK512/production/_ext/659850406/adc5.o
 .debug_info        0x1b42       0x2291 build/dsPIC33AK512/production/_ext/659850406/adc3.o
 .debug_info        0x3dd3       0x1d84 build/dsPIC33AK512/production/_ext/659850406/adc4.o
 .debug_info        0x5b57        0x802 build/dsPIC33AK512/production/_ext/1538408868/float_conversion.o
 .debug_info        0x6359        0xac2 build/dsPIC33AK512/production/_ext/1538408868/gain_ctrl.o
 .debug_info        0x6e1b       0x1322 build/dsPIC33AK512/production/_ext/1538408868/tone_ctrl.o
 .debug_info        0x813d        0x45d build/dsPIC33AK512/production/_ext/1538408868/LED_level_meter.o
 .debug_info        0x859a        0x637 build/dsPIC33AK512/production/_ext/1538408868/snd_effect_play.o
 .debug_info        0x8bd1       0x22cf build/dsPIC33AK512/production/_ext/1538408868/engine_synth.o
 .debug_info        0xaea0       0x12f8 build/dsPIC33AK512/production/_ext/1538408868/widen_ctrl.o
 .debug_info        0xc198       0x2755 build/dsPIC33AK512/production/_ext/1538408868/bass_enhancer.o
 .debug_info        0xe8ed       0x1c7a build/dsPIC33AK512/production/_ext/1538408868/click_crack_synth.o
 .debug_info        0x10567        0xf31 build/dsPIC33AK512/production/_ext/1034234695/button_led.o
 .debug_info        0x11498        0x633 build/dsPIC33AK512/production/_ext/1034234695/pot.o
 .debug_info        0x11acb       0x12fc build/dsPIC33AK512/production/_ext/1536116519/app_debug.o
 .debug_info        0x12dc7        0xa10 build/dsPIC33AK512/production/_ext/1536116519/dbconsole.o
 .debug_info        0x137d7       0x2615 build/dsPIC33AK512/production/_ext/1521024571/touch.o
 .debug_info        0x15dec       0x15e3 build/dsPIC33AK512/production/_ext/1018880376/uart1.o
 .debug_info        0x173cf       0x277b build/dsPIC33AK512/production/_ext/1360937237/SPI_TDM_drv.o
 .debug_info        0x19b4a       0x1d81 build/dsPIC33AK512/production/_ext/1360937237/i2c.o
 .debug_info        0x1b8cb       0x1df1 build/dsPIC33AK512/production/_ext/1360937237/main.o
 .debug_info        0x1d6bc       0x18e2 build/dsPIC33AK512/production/_ext/1360937237/osc_drv.o
 .debug_info        0x1ef9e        0xb1d build/dsPIC33AK512/production/_ext/1360937237/tick_time.o
 .debug_info        0x1fabb       0x37f0 build/dsPIC33AK512/production/_ext/1360937237/pwm.o
 .debug_info        0x232ab        0xe8e build/dsPIC33AK512/production/_ext/1360937237/wm8904.o
 .debug_info        0x24139       0x14f1 build/dsPIC33AK512/production/_ext/1360937237/SPI3_drv.o
 .debug_info        0x2562a       0x1600 build/dsPIC33AK512/production/_ext/1360937237/SST26_drv.o
 .debug_info        0x26c2a       0x16f9 build/dsPIC33AK512/production/_ext/335358292/eq_api_33AK.o
 .debug_info        0x28323        0xfb7 build/dsPIC33AK512/production/_ext/335358292/eq_perseus_wrapper.o
 .debug_info        0x292da        0xf37 build/dsPIC33AK512/production/_ext/1536116519/eq_benchmark.o
 .debug_info        0x2a211        0xc7b build/dsPIC33AK512/production/_ext/1538408868/aec_33ak.o
 .debug_info        0x2ae8c        0x838 build/dsPIC33AK512/production/_ext/1538408868/aec_nlms_float.o
 .debug_info        0x2b6c4        0x844 build/dsPIC33AK512/production/_ext/1538408868/aec_src.o
 .debug_info        0x2bf08        0x826 build/dsPIC33AK512/production/_ext/1538408868/aec_vad_float.o
 .debug_info        0x2c72e         0x26 c:/program files/microchip/xc-dsc/v3.31/bin/bin/../../lib\libc99-pic30-elf.a(extendsfdf.aa.AA_eo)
 .debug_info        0x2c754         0x26 c:/program files/microchip/xc-dsc/v3.31/bin/bin/../../lib\libc99-pic30-elf.a(funpack.aa.AA_eo)
 *(.gnu.linkonce.wi.*)

.debug_abbrev       0x0000       0x5367
 *(.debug_abbrev)
 .debug_abbrev      0x0000        0x27b build/dsPIC33AK512/production/_ext/659850406/adc5.o
 .debug_abbrev      0x027b        0x254 build/dsPIC33AK512/production/_ext/659850406/adc3.o
 .debug_abbrev      0x04cf        0x199 build/dsPIC33AK512/production/_ext/659850406/adc4.o
 .debug_abbrev      0x0668        0x149 build/dsPIC33AK512/production/_ext/1538408868/float_conversion.o
 .debug_abbrev      0x07b1        0x2ca build/dsPIC33AK512/production/_ext/1538408868/gain_ctrl.o
 .debug_abbrev      0x0a7b        0x250 build/dsPIC33AK512/production/_ext/1538408868/tone_ctrl.o
 .debug_abbrev      0x0ccb         0xd9 build/dsPIC33AK512/production/_ext/1538408868/LED_level_meter.o
 .debug_abbrev      0x0da4        0x17f build/dsPIC33AK512/production/_ext/1538408868/snd_effect_play.o
 .debug_abbrev      0x0f23        0x455 build/dsPIC33AK512/production/_ext/1538408868/engine_synth.o
 .debug_abbrev      0x1378        0x2c6 build/dsPIC33AK512/production/_ext/1538408868/widen_ctrl.o
 .debug_abbrev      0x163e        0x3c1 build/dsPIC33AK512/production/_ext/1538408868/bass_enhancer.o
 .debug_abbrev      0x19ff        0x3e8 build/dsPIC33AK512/production/_ext/1538408868/click_crack_synth.o
 .debug_abbrev      0x1de7        0x275 build/dsPIC33AK512/production/_ext/1034234695/button_led.o
 .debug_abbrev      0x205c        0x1d0 build/dsPIC33AK512/production/_ext/1034234695/pot.o
 .debug_abbrev      0x222c        0x281 build/dsPIC33AK512/production/_ext/1536116519/app_debug.o
 .debug_abbrev      0x24ad        0x233 build/dsPIC33AK512/production/_ext/1536116519/dbconsole.o
 .debug_abbrev      0x26e0        0x34d build/dsPIC33AK512/production/_ext/1521024571/touch.o
 .debug_abbrev      0x2a2d        0x2e8 build/dsPIC33AK512/production/_ext/1018880376/uart1.o
 .debug_abbrev      0x2d15        0x31b build/dsPIC33AK512/production/_ext/1360937237/SPI_TDM_drv.o
 .debug_abbrev      0x3030        0x287 build/dsPIC33AK512/production/_ext/1360937237/i2c.o
 .debug_abbrev      0x32b7        0x31d build/dsPIC33AK512/production/_ext/1360937237/main.o
 .debug_abbrev      0x35d4        0x232 build/dsPIC33AK512/production/_ext/1360937237/osc_drv.o
 .debug_abbrev      0x3806        0x178 build/dsPIC33AK512/production/_ext/1360937237/tick_time.o
 .debug_abbrev      0x397e        0x1ff build/dsPIC33AK512/production/_ext/1360937237/pwm.o
 .debug_abbrev      0x3b7d        0x21e build/dsPIC33AK512/production/_ext/1360937237/wm8904.o
 .debug_abbrev      0x3d9b        0x19f build/dsPIC33AK512/production/_ext/1360937237/SPI3_drv.o
 .debug_abbrev      0x3f3a        0x2da build/dsPIC33AK512/production/_ext/1360937237/SST26_drv.o
 .debug_abbrev      0x4214        0x39e build/dsPIC33AK512/production/_ext/335358292/eq_api_33AK.o
 .debug_abbrev      0x45b2        0x2ce build/dsPIC33AK512/production/_ext/335358292/eq_perseus_wrapper.o
 .debug_abbrev      0x4880        0x277 build/dsPIC33AK512/production/_ext/1536116519/eq_benchmark.o
 .debug_abbrev      0x4af7        0x27a build/dsPIC33AK512/production/_ext/1538408868/aec_33ak.o
 .debug_abbrev      0x4d71        0x1e3 build/dsPIC33AK512/production/_ext/1538408868/aec_nlms_float.o
 .debug_abbrev      0x4f54        0x1b2 build/dsPIC33AK512/production/_ext/1538408868/aec_src.o
 .debug_abbrev      0x5106        0x239 build/dsPIC33AK512/production/_ext/1538408868/aec_vad_float.o
 .debug_abbrev      0x533f         0x14 c:/program files/microchip/xc-dsc/v3.31/bin/bin/../../lib\libc99-pic30-elf.a(extendsfdf.aa.AA_eo)
 .debug_abbrev      0x5353         0x14 c:/program files/microchip/xc-dsc/v3.31/bin/bin/../../lib\libc99-pic30-elf.a(funpack.aa.AA_eo)

.debug_line         0x0000       0xe251
 *(.debug_line)
 .debug_line        0x0000        0x819 build/dsPIC33AK512/production/_ext/659850406/adc5.o
 .debug_line        0x0819        0x638 build/dsPIC33AK512/production/_ext/659850406/adc3.o
 .debug_line        0x0e51        0x50b build/dsPIC33AK512/production/_ext/659850406/adc4.o
 .debug_line        0x135c        0x27e build/dsPIC33AK512/production/_ext/1538408868/float_conversion.o
 .debug_line        0x15da        0x4dd build/dsPIC33AK512/production/_ext/1538408868/gain_ctrl.o
 .debug_line        0x1ab7        0x927 build/dsPIC33AK512/production/_ext/1538408868/tone_ctrl.o
 .debug_line        0x23de        0x161 build/dsPIC33AK512/production/_ext/1538408868/LED_level_meter.o
 .debug_line        0x253f        0x29e build/dsPIC33AK512/production/_ext/1538408868/snd_effect_play.o
 .debug_line        0x27dd       0x136b build/dsPIC33AK512/production/_ext/1538408868/engine_synth.o
 .debug_line        0x3b48        0xb74 build/dsPIC33AK512/production/_ext/1538408868/widen_ctrl.o
 .debug_line        0x46bc       0x1763 build/dsPIC33AK512/production/_ext/1538408868/bass_enhancer.o
 .debug_line        0x5e1f        0xfba build/dsPIC33AK512/production/_ext/1538408868/click_crack_synth.o
 .debug_line        0x6dd9        0x65c build/dsPIC33AK512/production/_ext/1034234695/button_led.o
 .debug_line        0x7435        0x189 build/dsPIC33AK512/production/_ext/1034234695/pot.o
 .debug_line        0x75be        0x82e build/dsPIC33AK512/production/_ext/1536116519/app_debug.o
 .debug_line        0x7dec        0x4d8 build/dsPIC33AK512/production/_ext/1536116519/dbconsole.o
 .debug_line        0x82c4        0x5af build/dsPIC33AK512/production/_ext/1521024571/touch.o
 .debug_line        0x8873        0x50d build/dsPIC33AK512/production/_ext/1018880376/uart1.o
 .debug_line        0x8d80        0x7bc build/dsPIC33AK512/production/_ext/1360937237/SPI_TDM_drv.o
 .debug_line        0x953c        0xa33 build/dsPIC33AK512/production/_ext/1360937237/i2c.o
 .debug_line        0x9f6f        0x91e build/dsPIC33AK512/production/_ext/1360937237/main.o
 .debug_line        0xa88d        0x622 build/dsPIC33AK512/production/_ext/1360937237/osc_drv.o
 .debug_line        0xaeaf        0x1ba build/dsPIC33AK512/production/_ext/1360937237/tick_time.o
 .debug_line        0xb069        0x8ea build/dsPIC33AK512/production/_ext/1360937237/pwm.o
 .debug_line        0xb953        0x311 build/dsPIC33AK512/production/_ext/1360937237/wm8904.o
 .debug_line        0xbc64        0x30e build/dsPIC33AK512/production/_ext/1360937237/SPI3_drv.o
 .debug_line        0xbf72        0x4d0 build/dsPIC33AK512/production/_ext/1360937237/SST26_drv.o
 .debug_line        0xc442        0xbee build/dsPIC33AK512/production/_ext/335358292/eq_api_33AK.o
 .debug_line        0xd030        0x2ff build/dsPIC33AK512/production/_ext/335358292/eq_perseus_wrapper.o
 .debug_line        0xd32f        0x44f build/dsPIC33AK512/production/_ext/1536116519/eq_benchmark.o
 .debug_line        0xd77e        0x2a3 build/dsPIC33AK512/production/_ext/1538408868/aec_33ak.o
 .debug_line        0xda21        0x1db build/dsPIC33AK512/production/_ext/1538408868/aec_nlms_float.o
 .debug_line        0xdbfc        0x295 build/dsPIC33AK512/production/_ext/1538408868/aec_src.o
 .debug_line        0xde91        0x312 build/dsPIC33AK512/production/_ext/1538408868/aec_vad_float.o
 .debug_line        0xe1a3         0x5e c:/program files/microchip/xc-dsc/v3.31/bin/bin/../../lib\libc99-pic30-elf.a(extendsfdf.aa.AA_eo)
 .debug_line        0xe201         0x50 c:/program files/microchip/xc-dsc/v3.31/bin/bin/../../lib\libc99-pic30-elf.a(funpack.aa.AA_eo)

.debug_frame        0x0000       0x1e18
 *(.debug_frame)
 .debug_frame       0x0000        0x114 build/dsPIC33AK512/production/_ext/659850406/adc5.o
 .debug_frame       0x0114         0x88 build/dsPIC33AK512/production/_ext/659850406/adc3.o
 .debug_frame       0x019c         0x70 build/dsPIC33AK512/production/_ext/659850406/adc4.o
 .debug_frame       0x020c         0x8c build/dsPIC33AK512/production/_ext/1538408868/float_conversion.o
 .debug_frame       0x0298         0xd0 build/dsPIC33AK512/production/_ext/1538408868/gain_ctrl.o
 .debug_frame       0x0368        0x118 build/dsPIC33AK512/production/_ext/1538408868/tone_ctrl.o
 .debug_frame       0x0480         0x2c build/dsPIC33AK512/production/_ext/1538408868/LED_level_meter.o
 .debug_frame       0x04ac         0x48 build/dsPIC33AK512/production/_ext/1538408868/snd_effect_play.o
 .debug_frame       0x04f4        0x140 build/dsPIC33AK512/production/_ext/1538408868/engine_synth.o
 .debug_frame       0x0634         0xf8 build/dsPIC33AK512/production/_ext/1538408868/widen_ctrl.o
 .debug_frame       0x072c        0x168 build/dsPIC33AK512/production/_ext/1538408868/bass_enhancer.o
 .debug_frame       0x0894        0x168 build/dsPIC33AK512/production/_ext/1538408868/click_crack_synth.o
 .debug_frame       0x09fc         0xb8 build/dsPIC33AK512/production/_ext/1034234695/button_led.o
 .debug_frame       0x0ab4         0x44 build/dsPIC33AK512/production/_ext/1034234695/pot.o
 .debug_frame       0x0af8         0x5c build/dsPIC33AK512/production/_ext/1536116519/app_debug.o
 .debug_frame       0x0b54         0x44 build/dsPIC33AK512/production/_ext/1536116519/dbconsole.o
 .debug_frame       0x0b98        0x1c4 build/dsPIC33AK512/production/_ext/1521024571/touch.o
 .debug_frame       0x0d5c         0xdc build/dsPIC33AK512/production/_ext/1018880376/uart1.o
 .debug_frame       0x0e38         0xe4 build/dsPIC33AK512/production/_ext/1360937237/SPI_TDM_drv.o
 .debug_frame       0x0f1c        0x24c build/dsPIC33AK512/production/_ext/1360937237/i2c.o
 .debug_frame       0x1168        0x15c build/dsPIC33AK512/production/_ext/1360937237/main.o
 .debug_frame       0x12c4         0xbc build/dsPIC33AK512/production/_ext/1360937237/osc_drv.o
 .debug_frame       0x1380         0x64 build/dsPIC33AK512/production/_ext/1360937237/tick_time.o
 .debug_frame       0x13e4        0x14c build/dsPIC33AK512/production/_ext/1360937237/pwm.o
 .debug_frame       0x1530         0x64 build/dsPIC33AK512/production/_ext/1360937237/wm8904.o
 .debug_frame       0x1594         0x8c build/dsPIC33AK512/production/_ext/1360937237/SPI3_drv.o
 .debug_frame       0x1620        0x148 build/dsPIC33AK512/production/_ext/1360937237/SST26_drv.o
 .debug_frame       0x1768        0x1f0 build/dsPIC33AK512/production/_ext/335358292/eq_api_33AK.o
 .debug_frame       0x1958        0x154 build/dsPIC33AK512/production/_ext/335358292/eq_perseus_wrapper.o
 .debug_frame       0x1aac         0xd4 build/dsPIC33AK512/production/_ext/1536116519/eq_benchmark.o
 .debug_frame       0x1b80         0xb0 build/dsPIC33AK512/production/_ext/1538408868/aec_33ak.o
 .debug_frame       0x1c30         0x90 build/dsPIC33AK512/production/_ext/1538408868/aec_nlms_float.o
 .debug_frame       0x1cc0         0xb4 build/dsPIC33AK512/production/_ext/1538408868/aec_src.o
 .debug_frame       0x1d74         0xa4 build/dsPIC33AK512/production/_ext/1538408868/aec_vad_float.o

.debug_str          0x0000       0x10ed
 *(.debug_str)
 .debug_str         0x0000         0x32 build/dsPIC33AK512/production/_ext/659850406/adc5.o
 .debug_str         0x0032         0x11 build/dsPIC33AK512/production/_ext/659850406/adc3.o
 .debug_str         0x0043         0x37 build/dsPIC33AK512/production/_ext/659850406/adc4.o
 .debug_str         0x007a         0x2c build/dsPIC33AK512/production/_ext/1538408868/float_conversion.o
 .debug_str         0x00a6         0x36 build/dsPIC33AK512/production/_ext/1538408868/gain_ctrl.o
 .debug_str         0x00dc         0x26 build/dsPIC33AK512/production/_ext/1538408868/tone_ctrl.o
 .debug_str         0x0102          0xd build/dsPIC33AK512/production/_ext/1538408868/LED_level_meter.o
 .debug_str         0x010f         0x10 build/dsPIC33AK512/production/_ext/1538408868/snd_effect_play.o
 .debug_str         0x011f         0x33 build/dsPIC33AK512/production/_ext/1538408868/engine_synth.o
 .debug_str         0x0152         0x55 build/dsPIC33AK512/production/_ext/1538408868/widen_ctrl.o
 .debug_str         0x01a7         0x6a build/dsPIC33AK512/production/_ext/1538408868/bass_enhancer.o
 .debug_str         0x0211         0x5e build/dsPIC33AK512/production/_ext/1538408868/click_crack_synth.o
 .debug_str         0x026f         0x29 build/dsPIC33AK512/production/_ext/1034234695/button_led.o
 .debug_str         0x0298          0x0 build/dsPIC33AK512/production/_ext/1034234695/pot.o
 .debug_str         0x0298        0x17c build/dsPIC33AK512/production/_ext/1536116519/app_debug.o
 .debug_str         0x0414          0xa build/dsPIC33AK512/production/_ext/1536116519/dbconsole.o
 .debug_str         0x041e        0x1a2 build/dsPIC33AK512/production/_ext/1521024571/touch.o
 .debug_str         0x05c0          0x0 build/dsPIC33AK512/production/_ext/1018880376/uart1.o
 .debug_str         0x05c0        0x181 build/dsPIC33AK512/production/_ext/1360937237/SPI_TDM_drv.o
 .debug_str         0x0741         0x26 build/dsPIC33AK512/production/_ext/1360937237/i2c.o
 .debug_str         0x0767        0x383 build/dsPIC33AK512/production/_ext/1360937237/main.o
 .debug_str         0x0aea         0xce build/dsPIC33AK512/production/_ext/1360937237/osc_drv.o
 .debug_str         0x0bb8          0x0 build/dsPIC33AK512/production/_ext/1360937237/tick_time.o
 .debug_str         0x0bb8        0x1bf build/dsPIC33AK512/production/_ext/1360937237/pwm.o
 .debug_str         0x0d77         0x4e build/dsPIC33AK512/production/_ext/1360937237/wm8904.o
 .debug_str         0x0dc5          0x9 build/dsPIC33AK512/production/_ext/1360937237/SPI3_drv.o
 .debug_str         0x0dce         0x3d build/dsPIC33AK512/production/_ext/1360937237/SST26_drv.o
 .debug_str         0x0e0b         0x47 build/dsPIC33AK512/production/_ext/335358292/eq_api_33AK.o
 .debug_str         0x0e52         0x53 build/dsPIC33AK512/production/_ext/335358292/eq_perseus_wrapper.o
 .debug_str         0x0ea5         0xce build/dsPIC33AK512/production/_ext/1536116519/eq_benchmark.o
 .debug_str         0x0f73         0x5c build/dsPIC33AK512/production/_ext/1538408868/aec_33ak.o
 .debug_str         0x0fcf         0x35 build/dsPIC33AK512/production/_ext/1538408868/aec_nlms_float.o
 .debug_str         0x1004         0x2a build/dsPIC33AK512/production/_ext/1538408868/aec_src.o
 .debug_str         0x102e         0x1e build/dsPIC33AK512/production/_ext/1538408868/aec_vad_float.o
 .debug_str         0x104c         0x52 c:/program files/microchip/xc-dsc/v3.31/bin/bin/../../lib\libc99-pic30-elf.a(extendsfdf.aa.AA_eo)
 .debug_str         0x109e         0x4f c:/program files/microchip/xc-dsc/v3.31/bin/bin/../../lib\libc99-pic30-elf.a(funpack.aa.AA_eo)

.debug_loc          0x0000      0x161dd
 *(.debug_loc)
 .debug_loc         0x0000        0x381 build/dsPIC33AK512/production/_ext/659850406/adc5.o
 .debug_loc         0x0381        0x27b build/dsPIC33AK512/production/_ext/659850406/adc3.o
 .debug_loc         0x05fc         0x27 build/dsPIC33AK512/production/_ext/659850406/adc4.o
 .debug_loc         0x0623        0x5aa build/dsPIC33AK512/production/_ext/1538408868/float_conversion.o
 .debug_loc         0x0bcd        0x927 build/dsPIC33AK512/production/_ext/1538408868/gain_ctrl.o
 .debug_loc         0x14f4       0x12e6 build/dsPIC33AK512/production/_ext/1538408868/tone_ctrl.o
 .debug_loc         0x27da        0x27b build/dsPIC33AK512/production/_ext/1538408868/LED_level_meter.o
 .debug_loc         0x2a55        0x3a9 build/dsPIC33AK512/production/_ext/1538408868/snd_effect_play.o
 .debug_loc         0x2dfe       0x4016 build/dsPIC33AK512/production/_ext/1538408868/engine_synth.o
 .debug_loc         0x6e14       0x15ba build/dsPIC33AK512/production/_ext/1538408868/widen_ctrl.o
 .debug_loc         0x83ce       0x366f build/dsPIC33AK512/production/_ext/1538408868/bass_enhancer.o
 .debug_loc         0xba3d       0x197f build/dsPIC33AK512/production/_ext/1538408868/click_crack_synth.o
 .debug_loc         0xd3bc        0x300 build/dsPIC33AK512/production/_ext/1034234695/button_led.o
 .debug_loc         0xd6bc         0x28 build/dsPIC33AK512/production/_ext/1034234695/pot.o
 .debug_loc         0xd6e4        0x7ff build/dsPIC33AK512/production/_ext/1536116519/app_debug.o
 .debug_loc         0xdee3        0x803 build/dsPIC33AK512/production/_ext/1536116519/dbconsole.o
 .debug_loc         0xe6e6        0x51c build/dsPIC33AK512/production/_ext/1521024571/touch.o
 .debug_loc         0xec02        0x220 build/dsPIC33AK512/production/_ext/1018880376/uart1.o
 .debug_loc         0xee22        0x4de build/dsPIC33AK512/production/_ext/1360937237/SPI_TDM_drv.o
 .debug_loc         0xf300        0xbc4 build/dsPIC33AK512/production/_ext/1360937237/i2c.o
 .debug_loc         0xfec4        0x55b build/dsPIC33AK512/production/_ext/1360937237/main.o
 .debug_loc         0x1041f        0xa3b build/dsPIC33AK512/production/_ext/1360937237/osc_drv.o
 .debug_loc         0x10e5a         0x58 build/dsPIC33AK512/production/_ext/1360937237/tick_time.o
 .debug_loc         0x10eb2        0x3ed build/dsPIC33AK512/production/_ext/1360937237/pwm.o
 .debug_loc         0x1129f        0x20d build/dsPIC33AK512/production/_ext/1360937237/wm8904.o
 .debug_loc         0x114ac         0x33 build/dsPIC33AK512/production/_ext/1360937237/SPI3_drv.o
 .debug_loc         0x114df        0x7c5 build/dsPIC33AK512/production/_ext/1360937237/SST26_drv.o
 .debug_loc         0x11ca4       0x203d build/dsPIC33AK512/production/_ext/335358292/eq_api_33AK.o
 .debug_loc         0x13ce1        0x636 build/dsPIC33AK512/production/_ext/335358292/eq_perseus_wrapper.o
 .debug_loc         0x14317        0x619 build/dsPIC33AK512/production/_ext/1536116519/eq_benchmark.o
 .debug_loc         0x14930        0x471 build/dsPIC33AK512/production/_ext/1538408868/aec_33ak.o
 .debug_loc         0x14da1        0x75d build/dsPIC33AK512/production/_ext/1538408868/aec_nlms_float.o
 .debug_loc         0x154fe        0x781 build/dsPIC33AK512/production/_ext/1538408868/aec_src.o
 .debug_loc         0x15c7f        0x55e build/dsPIC33AK512/production/_ext/1538408868/aec_vad_float.o

.debug_macinfo
 *(.debug_macinfo)

.debug_pubnames
 *(.debug_pubnames)

.debug_ranges       0x0000       0x2dc8
 *(.debug_ranges)
 .debug_ranges      0x0000         0xc0 build/dsPIC33AK512/production/_ext/659850406/adc5.o
 .debug_ranges      0x00c0         0x50 build/dsPIC33AK512/production/_ext/659850406/adc3.o
 .debug_ranges      0x0110         0x20 build/dsPIC33AK512/production/_ext/659850406/adc4.o
 .debug_ranges      0x0130         0xc8 build/dsPIC33AK512/production/_ext/1538408868/float_conversion.o
 .debug_ranges      0x01f8         0x88 build/dsPIC33AK512/production/_ext/1538408868/gain_ctrl.o
 .debug_ranges      0x0280        0x100 build/dsPIC33AK512/production/_ext/1538408868/tone_ctrl.o
 .debug_ranges      0x0380         0x80 build/dsPIC33AK512/production/_ext/1538408868/LED_level_meter.o
 .debug_ranges      0x0400         0x30 build/dsPIC33AK512/production/_ext/1538408868/snd_effect_play.o
 .debug_ranges      0x0430        0x4f0 build/dsPIC33AK512/production/_ext/1538408868/engine_synth.o
 .debug_ranges      0x0920        0x2d8 build/dsPIC33AK512/production/_ext/1538408868/widen_ctrl.o
 .debug_ranges      0x0bf8        0x5e0 build/dsPIC33AK512/production/_ext/1538408868/bass_enhancer.o
 .debug_ranges      0x11d8        0x5f8 build/dsPIC33AK512/production/_ext/1538408868/click_crack_synth.o
 .debug_ranges      0x17d0         0xa8 build/dsPIC33AK512/production/_ext/1034234695/button_led.o
 .debug_ranges      0x1878         0x20 build/dsPIC33AK512/production/_ext/1034234695/pot.o
 .debug_ranges      0x1898        0x268 build/dsPIC33AK512/production/_ext/1536116519/app_debug.o
 .debug_ranges      0x1b00        0x1d8 build/dsPIC33AK512/production/_ext/1536116519/dbconsole.o
 .debug_ranges      0x1cd8        0x120 build/dsPIC33AK512/production/_ext/1521024571/touch.o
 .debug_ranges      0x1df8         0xb8 build/dsPIC33AK512/production/_ext/1018880376/uart1.o
 .debug_ranges      0x1eb0         0xb8 build/dsPIC33AK512/production/_ext/1360937237/SPI_TDM_drv.o
 .debug_ranges      0x1f68        0x378 build/dsPIC33AK512/production/_ext/1360937237/i2c.o
 .debug_ranges      0x22e0        0x1d0 build/dsPIC33AK512/production/_ext/1360937237/main.o
 .debug_ranges      0x24b0         0x48 build/dsPIC33AK512/production/_ext/1360937237/osc_drv.o
 .debug_ranges      0x24f8         0x30 build/dsPIC33AK512/production/_ext/1360937237/tick_time.o
 .debug_ranges      0x2528         0x88 build/dsPIC33AK512/production/_ext/1360937237/pwm.o
 .debug_ranges      0x25b0         0x38 build/dsPIC33AK512/production/_ext/1360937237/wm8904.o
 .debug_ranges      0x25e8         0x40 build/dsPIC33AK512/production/_ext/1360937237/SPI3_drv.o
 .debug_ranges      0x2628        0x1a0 build/dsPIC33AK512/production/_ext/1360937237/SST26_drv.o
 .debug_ranges      0x27c8        0x2a0 build/dsPIC33AK512/production/_ext/335358292/eq_api_33AK.o
 .debug_ranges      0x2a68        0x130 build/dsPIC33AK512/production/_ext/335358292/eq_perseus_wrapper.o
 .debug_ranges      0x2b98         0xb0 build/dsPIC33AK512/production/_ext/1536116519/eq_benchmark.o
 .debug_ranges      0x2c48         0x40 build/dsPIC33AK512/production/_ext/1538408868/aec_33ak.o
 .debug_ranges      0x2c88         0x40 build/dsPIC33AK512/production/_ext/1538408868/aec_nlms_float.o
 .debug_ranges      0x2cc8         0xa8 build/dsPIC33AK512/production/_ext/1538408868/aec_src.o
 .debug_ranges      0x2d70         0x58 build/dsPIC33AK512/production/_ext/1538408868/aec_vad_float.o

.debug_aranges      0x0000        0xc20
 *(.debug_aranges)
 .debug_aranges
                    0x0000         0x80 build/dsPIC33AK512/production/_ext/659850406/adc5.o
 .debug_aranges
                    0x0080         0x48 build/dsPIC33AK512/production/_ext/659850406/adc3.o
 .debug_aranges
                    0x00c8         0x30 build/dsPIC33AK512/production/_ext/659850406/adc4.o
 .debug_aranges
                    0x00f8         0x38 build/dsPIC33AK512/production/_ext/1538408868/float_conversion.o
 .debug_aranges
                    0x0130         0x60 build/dsPIC33AK512/production/_ext/1538408868/gain_ctrl.o
 .debug_aranges
                    0x0190         0x68 build/dsPIC33AK512/production/_ext/1538408868/tone_ctrl.o
 .debug_aranges
                    0x01f8         0x20 build/dsPIC33AK512/production/_ext/1538408868/LED_level_meter.o
 .debug_aranges
                    0x0218         0x28 build/dsPIC33AK512/production/_ext/1538408868/snd_effect_play.o
 .debug_aranges
                    0x0240         0x70 build/dsPIC33AK512/production/_ext/1538408868/engine_synth.o
 .debug_aranges
                    0x02b0         0x50 build/dsPIC33AK512/production/_ext/1538408868/widen_ctrl.o
 .debug_aranges
                    0x0300         0x60 build/dsPIC33AK512/production/_ext/1538408868/bass_enhancer.o
 .debug_aranges
                    0x0360         0x90 build/dsPIC33AK512/production/_ext/1538408868/click_crack_synth.o
 .debug_aranges
                    0x03f0         0x68 build/dsPIC33AK512/production/_ext/1034234695/button_led.o
 .debug_aranges
                    0x0458         0x30 build/dsPIC33AK512/production/_ext/1034234695/pot.o
 .debug_aranges
                    0x0488         0x28 build/dsPIC33AK512/production/_ext/1536116519/app_debug.o
 .debug_aranges
                    0x04b0         0x28 build/dsPIC33AK512/production/_ext/1536116519/dbconsole.o
 .debug_aranges
                    0x04d8         0xc8 build/dsPIC33AK512/production/_ext/1521024571/touch.o
 .debug_aranges
                    0x05a0         0x70 build/dsPIC33AK512/production/_ext/1018880376/uart1.o
 .debug_aranges
                    0x0610         0x40 build/dsPIC33AK512/production/_ext/1360937237/SPI_TDM_drv.o
 .debug_aranges
                    0x0650         0xb8 build/dsPIC33AK512/production/_ext/1360937237/i2c.o
 .debug_aranges
                    0x0708         0x28 build/dsPIC33AK512/production/_ext/1360937237/main.o
 .debug_aranges
                    0x0730         0x58 build/dsPIC33AK512/production/_ext/1360937237/osc_drv.o
 .debug_aranges
                    0x0788         0x40 build/dsPIC33AK512/production/_ext/1360937237/tick_time.o
 .debug_aranges
                    0x07c8         0x98 build/dsPIC33AK512/production/_ext/1360937237/pwm.o
 .debug_aranges
                    0x0860         0x30 build/dsPIC33AK512/production/_ext/1360937237/wm8904.o
 .debug_aranges
                    0x0890         0x50 build/dsPIC33AK512/production/_ext/1360937237/SPI3_drv.o
 .debug_aranges
                    0x08e0         0x60 build/dsPIC33AK512/production/_ext/1360937237/SST26_drv.o
 .debug_aranges
                    0x0940         0xb0 build/dsPIC33AK512/production/_ext/335358292/eq_api_33AK.o
 .debug_aranges
                    0x09f0         0x90 build/dsPIC33AK512/production/_ext/335358292/eq_perseus_wrapper.o
 .debug_aranges
                    0x0a80         0x30 build/dsPIC33AK512/production/_ext/1536116519/eq_benchmark.o
 .debug_aranges
                    0x0ab0         0x50 build/dsPIC33AK512/production/_ext/1538408868/aec_33ak.o
 .debug_aranges
                    0x0b00         0x50 build/dsPIC33AK512/production/_ext/1538408868/aec_nlms_float.o
 .debug_aranges
                    0x0b50         0x40 build/dsPIC33AK512/production/_ext/1538408868/aec_src.o
 .debug_aranges
                    0x0b90         0x50 build/dsPIC33AK512/production/_ext/1538408868/aec_vad_float.o
 .debug_aranges
                    0x0be0         0x20 c:/program files/microchip/xc-dsc/v3.31/bin/bin/../../lib\libc99-pic30-elf.a(extendsfdf.aa.AA_eo)
 .debug_aranges
                    0x0c00         0x20 c:/program files/microchip/xc-dsc/v3.31/bin/bin/../../lib\libc99-pic30-elf.a(funpack.aa.AA_eo)
                    0x0000                  PC = 0x0
                    0x0000                  _PC = 0x0
                    0x0000                  _PCbits = 0x0
                    0x0004                  SPLIM = 0x4
                    0x0004                  _SPLIM = 0x4
                    0x0004                  _SPLIMbits = 0x4
                    0x0008                  RCOUNT = 0x8
                    0x0008                  _RCOUNT = 0x8
                    0x000c                  DISIIPL = 0xc
                    0x000c                  _DISIIPL = 0xc
                    0x000c                  _DISIIPLbits = 0xc
                    0x0010                  CORCON = 0x10
                    0x0010                  _CORCON = 0x10
                    0x0010                  _CORCONbits = 0x10
                    0x0014                  MODCON = 0x14
                    0x0014                  _MODCON = 0x14
                    0x0014                  _MODCONbits = 0x14
                    0x0018                  XMODSRT = 0x18
                    0x0018                  _XMODSRT = 0x18
                    0x0018                  _XMODSRTbits = 0x18
                    0x001c                  XMODEND = 0x1c
                    0x001c                  _XMODEND = 0x1c
                    0x001c                  _XMODENDbits = 0x1c
                    0x0020                  YMODSRT = 0x20
                    0x0020                  _YMODSRT = 0x20
                    0x0020                  _YMODSRTbits = 0x20
                    0x0024                  YMODEND = 0x24
                    0x0024                  _YMODEND = 0x24
                    0x0024                  _YMODENDbits = 0x24
                    0x0028                  XBREV = 0x28
                    0x0028                  _XBREV = 0x28
                    0x0028                  _XBREVbits = 0x28
                    0x002c                  PCTRAP = 0x2c
                    0x002c                  _PCTRAP = 0x2c
                    0x002c                  _PCTRAPbits = 0x2c
                    0x0030                  FEX = 0x30
                    0x0030                  _FEX = 0x30
                    0x0034                  FEX2 = 0x34
                    0x0034                  _FEX2 = 0x34
                    0x0038                  PCHOLD = 0x38
                    0x0038                  _PCHOLD = 0x38
                    0x0038                  _PCHOLDbits = 0x38
                    0x003c                  VFA = 0x3c
                    0x003c                  _VFA = 0x3c
                    0x003c                  _VFAbits = 0x3c
                    0x0070                  INTCON1 = 0x70
                    0x0070                  _INTCON1 = 0x70
                    0x0070                  _INTCON1bits = 0x70
                    0x0074                  INTCON2 = 0x74
                    0x0074                  _INTCON2 = 0x74
                    0x0074                  _INTCON2bits = 0x74
                    0x0078                  INTCON3 = 0x78
                    0x0078                  _INTCON3 = 0x78
                    0x0078                  _INTCON3bits = 0x78
                    0x007c                  INTCON4 = 0x7c
                    0x007c                  _INTCON4 = 0x7c
                    0x007c                  _INTCON4bits = 0x7c
                    0x0080                  INTCON5 = 0x80
                    0x0080                  _INTCON5 = 0x80
                    0x0080                  _INTCON5bits = 0x80
                    0x0084                  INTTREG = 0x84
                    0x0084                  _INTTREG = 0x84
                    0x0084                  _INTTREGbits = 0x84
                    0x0088                  IVTBASE = 0x88
                    0x0088                  _IVTBASE = 0x88
                    0x0088                  _IVTBASEbits = 0x88
                    0x008c                  IVTCREG = 0x8c
                    0x008c                  _IVTCREG = 0x8c
                    0x008c                  _IVTCREGbits = 0x8c
                    0x0090                  IFS0 = 0x90
                    0x0090                  _IFS0 = 0x90
                    0x0090                  _IFS0bits = 0x90
                    0x0094                  IFS1 = 0x94
                    0x0094                  _IFS1 = 0x94
                    0x0094                  _IFS1bits = 0x94
                    0x0098                  IFS2 = 0x98
                    0x0098                  _IFS2 = 0x98
                    0x0098                  _IFS2bits = 0x98
                    0x009c                  IFS3 = 0x9c
                    0x009c                  _IFS3 = 0x9c
                    0x009c                  _IFS3bits = 0x9c
                    0x00a0                  IFS4 = 0xa0
                    0x00a0                  _IFS4 = 0xa0
                    0x00a0                  _IFS4bits = 0xa0
                    0x00a4                  IFS5 = 0xa4
                    0x00a4                  _IFS5 = 0xa4
                    0x00a4                  _IFS5bits = 0xa4
                    0x00a8                  IFS6 = 0xa8
                    0x00a8                  _IFS6 = 0xa8
                    0x00a8                  _IFS6bits = 0xa8
                    0x00ac                  IFS7 = 0xac
                    0x00ac                  _IFS7 = 0xac
                    0x00ac                  _IFS7bits = 0xac
                    0x00b0                  IFS8 = 0xb0
                    0x00b0                  _IFS8 = 0xb0
                    0x00b0                  _IFS8bits = 0xb0
                    0x00b4                  IFS9 = 0xb4
                    0x00b4                  _IFS9 = 0xb4
                    0x00b4                  _IFS9bits = 0xb4
                    0x00b8                  IFS10 = 0xb8
                    0x00b8                  _IFS10 = 0xb8
                    0x00b8                  _IFS10bits = 0xb8
                    0x00bc                  IFS11 = 0xbc
                    0x00bc                  _IFS11 = 0xbc
                    0x00bc                  _IFS11bits = 0xbc
                    0x00c0                  IEC0 = 0xc0
                    0x00c0                  _IEC0 = 0xc0
                    0x00c0                  _IEC0bits = 0xc0
                    0x00c4                  IEC1 = 0xc4
                    0x00c4                  _IEC1 = 0xc4
                    0x00c4                  _IEC1bits = 0xc4
                    0x00c8                  IEC2 = 0xc8
                    0x00c8                  _IEC2 = 0xc8
                    0x00c8                  _IEC2bits = 0xc8
                    0x00cc                  IEC3 = 0xcc
                    0x00cc                  _IEC3 = 0xcc
                    0x00cc                  _IEC3bits = 0xcc
                    0x00d0                  IEC4 = 0xd0
                    0x00d0                  _IEC4 = 0xd0
                    0x00d0                  _IEC4bits = 0xd0
                    0x00d4                  IEC5 = 0xd4
                    0x00d4                  _IEC5 = 0xd4
                    0x00d4                  _IEC5bits = 0xd4
                    0x00d8                  IEC6 = 0xd8
                    0x00d8                  _IEC6 = 0xd8
                    0x00d8                  _IEC6bits = 0xd8
                    0x00dc                  IEC7 = 0xdc
                    0x00dc                  _IEC7 = 0xdc
                    0x00dc                  _IEC7bits = 0xdc
                    0x00e0                  IEC8 = 0xe0
                    0x00e0                  _IEC8 = 0xe0
                    0x00e0                  _IEC8bits = 0xe0
                    0x00e4                  IEC9 = 0xe4
                    0x00e4                  _IEC9 = 0xe4
                    0x00e4                  _IEC9bits = 0xe4
                    0x00e8                  IEC10 = 0xe8
                    0x00e8                  _IEC10 = 0xe8
                    0x00e8                  _IEC10bits = 0xe8
                    0x00ec                  IEC11 = 0xec
                    0x00ec                  _IEC11 = 0xec
                    0x00ec                  _IEC11bits = 0xec
                    0x00f0                  IPC0 = 0xf0
                    0x00f0                  _IPC0 = 0xf0
                    0x00f0                  _IPC0bits = 0xf0
                    0x00f4                  IPC1 = 0xf4
                    0x00f4                  _IPC1 = 0xf4
                    0x00f4                  _IPC1bits = 0xf4
                    0x00f8                  IPC2 = 0xf8
                    0x00f8                  _IPC2 = 0xf8
                    0x00f8                  _IPC2bits = 0xf8
                    0x00fc                  IPC3 = 0xfc
                    0x00fc                  _IPC3 = 0xfc
                    0x00fc                  _IPC3bits = 0xfc
                    0x0100                  IPC4 = 0x100
                    0x0100                  _IPC4 = 0x100
                    0x0100                  _IPC4bits = 0x100
                    0x0104                  IPC5 = 0x104
                    0x0104                  _IPC5 = 0x104
                    0x0104                  _IPC5bits = 0x104
                    0x0108                  IPC6 = 0x108
                    0x0108                  _IPC6 = 0x108
                    0x0108                  _IPC6bits = 0x108
                    0x010c                  IPC7 = 0x10c
                    0x010c                  _IPC7 = 0x10c
                    0x010c                  _IPC7bits = 0x10c
                    0x0110                  IPC8 = 0x110
                    0x0110                  _IPC8 = 0x110
                    0x0110                  _IPC8bits = 0x110
                    0x0114                  IPC9 = 0x114
                    0x0114                  _IPC9 = 0x114
                    0x0114                  _IPC9bits = 0x114
                    0x0118                  IPC10 = 0x118
                    0x0118                  _IPC10 = 0x118
                    0x0118                  _IPC10bits = 0x118
                    0x011c                  IPC11 = 0x11c
                    0x011c                  _IPC11 = 0x11c
                    0x011c                  _IPC11bits = 0x11c
                    0x0120                  IPC12 = 0x120
                    0x0120                  _IPC12 = 0x120
                    0x0120                  _IPC12bits = 0x120
                    0x0124                  IPC13 = 0x124
                    0x0124                  _IPC13 = 0x124
                    0x0124                  _IPC13bits = 0x124
                    0x0128                  IPC14 = 0x128
                    0x0128                  _IPC14 = 0x128
                    0x0128                  _IPC14bits = 0x128
                    0x012c                  IPC15 = 0x12c
                    0x012c                  _IPC15 = 0x12c
                    0x012c                  _IPC15bits = 0x12c
                    0x0130                  IPC16 = 0x130
                    0x0130                  _IPC16 = 0x130
                    0x0130                  _IPC16bits = 0x130
                    0x0134                  IPC17 = 0x134
                    0x0134                  _IPC17 = 0x134
                    0x0134                  _IPC17bits = 0x134
                    0x0138                  IPC18 = 0x138
                    0x0138                  _IPC18 = 0x138
                    0x0138                  _IPC18bits = 0x138
                    0x013c                  IPC19 = 0x13c
                    0x013c                  _IPC19 = 0x13c
                    0x013c                  _IPC19bits = 0x13c
                    0x0140                  IPC20 = 0x140
                    0x0140                  _IPC20 = 0x140
                    0x0140                  _IPC20bits = 0x140
                    0x0144                  IPC21 = 0x144
                    0x0144                  _IPC21 = 0x144
                    0x0144                  _IPC21bits = 0x144
                    0x0148                  IPC22 = 0x148
                    0x0148                  _IPC22 = 0x148
                    0x0148                  _IPC22bits = 0x148
                    0x014c                  IPC23 = 0x14c
                    0x014c                  _IPC23 = 0x14c
                    0x014c                  _IPC23bits = 0x14c
                    0x0150                  IPC24 = 0x150
                    0x0150                  _IPC24 = 0x150
                    0x0150                  _IPC24bits = 0x150
                    0x0154                  IPC25 = 0x154
                    0x0154                  _IPC25 = 0x154
                    0x0154                  _IPC25bits = 0x154
                    0x0158                  IPC26 = 0x158
                    0x0158                  _IPC26 = 0x158
                    0x0158                  _IPC26bits = 0x158
                    0x015c                  IPC27 = 0x15c
                    0x015c                  _IPC27 = 0x15c
                    0x015c                  _IPC27bits = 0x15c
                    0x0160                  IPC28 = 0x160
                    0x0160                  _IPC28 = 0x160
                    0x0160                  _IPC28bits = 0x160
                    0x0164                  IPC29 = 0x164
                    0x0164                  _IPC29 = 0x164
                    0x0164                  _IPC29bits = 0x164
                    0x0168                  IPC30 = 0x168
                    0x0168                  _IPC30 = 0x168
                    0x0168                  _IPC30bits = 0x168
                    0x016c                  IPC31 = 0x16c
                    0x016c                  _IPC31 = 0x16c
                    0x016c                  _IPC31bits = 0x16c
                    0x0170                  IPC32 = 0x170
                    0x0170                  _IPC32 = 0x170
                    0x0170                  _IPC32bits = 0x170
                    0x0174                  IPC33 = 0x174
                    0x0174                  _IPC33 = 0x174
                    0x0174                  _IPC33bits = 0x174
                    0x0178                  IPC34 = 0x178
                    0x0178                  _IPC34 = 0x178
                    0x0178                  _IPC34bits = 0x178
                    0x017c                  IPC35 = 0x17c
                    0x017c                  _IPC35 = 0x17c
                    0x017c                  _IPC35bits = 0x17c
                    0x0180                  IPC36 = 0x180
                    0x0180                  _IPC36 = 0x180
                    0x0180                  _IPC36bits = 0x180
                    0x0184                  IPC37 = 0x184
                    0x0184                  _IPC37 = 0x184
                    0x0184                  _IPC37bits = 0x184
                    0x018c                  IPC39 = 0x18c
                    0x018c                  _IPC39 = 0x18c
                    0x018c                  _IPC39bits = 0x18c
                    0x0190                  IPC40 = 0x190
                    0x0190                  _IPC40 = 0x190
                    0x0190                  _IPC40bits = 0x190
                    0x0194                  IPC41 = 0x194
                    0x0194                  _IPC41 = 0x194
                    0x0194                  _IPC41bits = 0x194
                    0x0198                  IPC42 = 0x198
                    0x0198                  _IPC42 = 0x198
                    0x0198                  _IPC42bits = 0x198
                    0x019c                  IPC43 = 0x19c
                    0x019c                  _IPC43 = 0x19c
                    0x019c                  _IPC43bits = 0x19c
                    0x01a0                  IPC44 = 0x1a0
                    0x01a0                  _IPC44 = 0x1a0
                    0x01a0                  _IPC44bits = 0x1a0
                    0x0200                  PORTA = 0x200
                    0x0200                  _PORTA = 0x200
                    0x0200                  _PORTAbits = 0x200
                    0x0204                  LATA = 0x204
                    0x0204                  _LATA = 0x204
                    0x0204                  _LATAbits = 0x204
                    0x0208                  TRISA = 0x208
                    0x0208                  _TRISA = 0x208
                    0x0208                  _TRISAbits = 0x208
                    0x020c                  CNSTATA = 0x20c
                    0x020c                  _CNSTATA = 0x20c
                    0x020c                  _CNSTATAbits = 0x20c
                    0x0210                  CNFA = 0x210
                    0x0210                  _CNFA = 0x210
                    0x0210                  _CNFAbits = 0x210
                    0x0214                  PORTB = 0x214
                    0x0214                  _PORTB = 0x214
                    0x0214                  _PORTBbits = 0x214
                    0x0218                  LATB = 0x218
                    0x0218                  _LATB = 0x218
                    0x0218                  _LATBbits = 0x218
                    0x021c                  TRISB = 0x21c
                    0x021c                  _TRISB = 0x21c
                    0x021c                  _TRISBbits = 0x21c
                    0x0220                  CNSTATB = 0x220
                    0x0220                  _CNSTATB = 0x220
                    0x0220                  _CNSTATBbits = 0x220
                    0x0224                  CNFB = 0x224
                    0x0224                  _CNFB = 0x224
                    0x0224                  _CNFBbits = 0x224
                    0x0228                  PORTC = 0x228
                    0x0228                  _PORTC = 0x228
                    0x0228                  _PORTCbits = 0x228
                    0x022c                  LATC = 0x22c
                    0x022c                  _LATC = 0x22c
                    0x022c                  _LATCbits = 0x22c
                    0x0230                  TRISC = 0x230
                    0x0230                  _TRISC = 0x230
                    0x0230                  _TRISCbits = 0x230
                    0x0234                  CNSTATC = 0x234
                    0x0234                  _CNSTATC = 0x234
                    0x0234                  _CNSTATCbits = 0x234
                    0x0238                  CNFC = 0x238
                    0x0238                  _CNFC = 0x238
                    0x0238                  _CNFCbits = 0x238
                    0x023c                  PORTD = 0x23c
                    0x023c                  _PORTD = 0x23c
                    0x023c                  _PORTDbits = 0x23c
                    0x0240                  LATD = 0x240
                    0x0240                  _LATD = 0x240
                    0x0240                  _LATDbits = 0x240
                    0x0244                  TRISD = 0x244
                    0x0244                  _TRISD = 0x244
                    0x0244                  _TRISDbits = 0x244
                    0x0248                  CNSTATD = 0x248
                    0x0248                  _CNSTATD = 0x248
                    0x0248                  _CNSTATDbits = 0x248
                    0x024c                  CNFD = 0x24c
                    0x024c                  _CNFD = 0x24c
                    0x024c                  _CNFDbits = 0x24c
                    0x0250                  PORTE = 0x250
                    0x0250                  _PORTE = 0x250
                    0x0250                  _PORTEbits = 0x250
                    0x0254                  LATE = 0x254
                    0x0254                  _LATE = 0x254
                    0x0254                  _LATEbits = 0x254
                    0x0258                  TRISE = 0x258
                    0x0258                  _TRISE = 0x258
                    0x0258                  _TRISEbits = 0x258
                    0x025c                  CNSTATE = 0x25c
                    0x025c                  _CNSTATE = 0x25c
                    0x025c                  _CNSTATEbits = 0x25c
                    0x0260                  CNFE = 0x260
                    0x0260                  _CNFE = 0x260
                    0x0260                  _CNFEbits = 0x260
                    0x0264                  PORTF = 0x264
                    0x0264                  _PORTF = 0x264
                    0x0264                  _PORTFbits = 0x264
                    0x0268                  LATF = 0x268
                    0x0268                  _LATF = 0x268
                    0x0268                  _LATFbits = 0x268
                    0x026c                  TRISF = 0x26c
                    0x026c                  _TRISF = 0x26c
                    0x026c                  _TRISFbits = 0x26c
                    0x0270                  CNSTATF = 0x270
                    0x0270                  _CNSTATF = 0x270
                    0x0270                  _CNSTATFbits = 0x270
                    0x0274                  CNFF = 0x274
                    0x0274                  _CNFF = 0x274
                    0x0274                  _CNFFbits = 0x274
                    0x0278                  PORTG = 0x278
                    0x0278                  _PORTG = 0x278
                    0x0278                  _PORTGbits = 0x278
                    0x027c                  LATG = 0x27c
                    0x027c                  _LATG = 0x27c
                    0x027c                  _LATGbits = 0x27c
                    0x0280                  TRISG = 0x280
                    0x0280                  _TRISG = 0x280
                    0x0280                  _TRISGbits = 0x280
                    0x0284                  CNSTATG = 0x284
                    0x0284                  _CNSTATG = 0x284
                    0x0284                  _CNSTATGbits = 0x284
                    0x0288                  CNFG = 0x288
                    0x0288                  _CNFG = 0x288
                    0x0288                  _CNFGbits = 0x288
                    0x028c                  PORTH = 0x28c
                    0x028c                  _PORTH = 0x28c
                    0x028c                  _PORTHbits = 0x28c
                    0x0290                  LATH = 0x290
                    0x0290                  _LATH = 0x290
                    0x0290                  _LATHbits = 0x290
                    0x0294                  TRISH = 0x294
                    0x0294                  _TRISH = 0x294
                    0x0294                  _TRISHbits = 0x294
                    0x0298                  CNSTATH = 0x298
                    0x0298                  _CNSTATH = 0x298
                    0x0298                  _CNSTATHbits = 0x298
                    0x029c                  CNFH = 0x29c
                    0x029c                  _CNFH = 0x29c
                    0x029c                  _CNFHbits = 0x29c
                    0x02c8                  CRCCON = 0x2c8
                    0x02c8                  _CRCCON = 0x2c8
                    0x02c8                  _CRCCONbits = 0x2c8
                    0x02cc                  CRCXOR = 0x2cc